Component: ARM Compiler 5.06 update 6 (build 750) Tool: armlink [4d35ed]

==============================================================================

Section Cross References

    startup_stm32f407xx.o(RESET) refers to startup_stm32f407xx.o(STACK) for __initial_sp
    startup_stm32f407xx.o(RESET) refers to startup_stm32f407xx.o(.text) for Reset_Handler
    startup_stm32f407xx.o(RESET) refers to stm32f4xx_it.o(i.NMI_Handler) for NMI_Handler
    startup_stm32f407xx.o(RESET) refers to stm32f4xx_it.o(i.HardFault_Handler) for HardFault_Handler
    startup_stm32f407xx.o(RESET) refers to stm32f4xx_it.o(i.MemManage_Handler) for MemManage_Handler
    startup_stm32f407xx.o(RESET) refers to stm32f4xx_it.o(i.BusFault_Handler) for BusFault_Handler
    startup_stm32f407xx.o(RESET) refers to stm32f4xx_it.o(i.UsageFault_Handler) for UsageFault_Handler
    startup_stm32f407xx.o(RESET) refers to port.o(.emb_text) for SVC_Handler
    startup_stm32f407xx.o(RESET) refers to stm32f4xx_it.o(i.DebugMon_Handler) for DebugMon_Handler
    startup_stm32f407xx.o(RESET) refers to port.o(i.SysTick_Handler) for SysTick_Handler
    startup_stm32f407xx.o(RESET) refers to stm32f4xx_it.o(i.TIM2_IRQHandler) for TIM2_IRQHandler
    startup_stm32f407xx.o(RESET) refers to stm32f4xx_it.o(i.USART1_IRQHandler) for USART1_IRQHandler
    startup_stm32f407xx.o(RESET) refers to stm32f4xx_it.o(i.OTG_FS_IRQHandler) for OTG_FS_IRQHandler
    startup_stm32f407xx.o(.text) refers to system_stm32f4xx.o(i.SystemInit) for SystemInit
    startup_stm32f407xx.o(.text) refers to entry.o(.ARM.Collect$$$$00000000) for __main
    main.o(i.HAL_TIM_PeriodElapsedCallback) refers to stm32f4xx_hal.o(i.HAL_IncTick) for HAL_IncTick
    main.o(i.SystemClock_Config) refers to memseta.o(.text) for __aeabi_memclr4
    main.o(i.SystemClock_Config) refers to stm32f4xx_hal_rcc.o(i.HAL_RCC_OscConfig) for HAL_RCC_OscConfig
    main.o(i.SystemClock_Config) refers to stm32f4xx_hal_rcc.o(i.HAL_RCC_ClockConfig) for HAL_RCC_ClockConfig
    main.o(i.main) refers to stm32f4xx_hal.o(i.HAL_Init) for HAL_Init
    main.o(i.main) refers to main.o(i.SystemClock_Config) for SystemClock_Config
    main.o(i.main) refers to gpio.o(i.MX_GPIO_Init) for MX_GPIO_Init
    main.o(i.main) refers to usart.o(i.MX_USART1_UART_Init) for MX_USART1_UART_Init
    main.o(i.main) refers to usb_device.o(i.MX_USB_DEVICE_Init) for MX_USB_DEVICE_Init
    main.o(i.main) refers to usbd_cdc.o(i.USBD_CDC_ReceivePacket) for USBD_CDC_ReceivePacket
    main.o(i.main) refers to stm32f4xx_hal.o(i.HAL_Delay) for HAL_Delay
    main.o(i.main) refers to mytask.o(i.MyTask_Init) for MyTask_Init
    main.o(i.main) refers to freertos.o(i.MX_FREERTOS_Init) for MX_FREERTOS_Init
    main.o(i.main) refers to cmsis_os.o(i.osKernelStart) for osKernelStart
    main.o(i.main) refers to usb_device.o(.bss) for hUsbDeviceFS
    freertos.o(i.MX_FREERTOS_Init) refers to memcpya.o(.text) for __aeabi_memcpy4
    freertos.o(i.MX_FREERTOS_Init) refers to cmsis_os.o(i.osThreadCreate) for osThreadCreate
    freertos.o(i.MX_FREERTOS_Init) refers to freertos.o(.constdata) for .constdata
    freertos.o(i.MX_FREERTOS_Init) refers to freertos.o(.data) for .data
    freertos.o(i.StartDefaultTask) refers to cmsis_os.o(i.osDelay) for osDelay
    freertos.o(i.vApplicationGetIdleTaskMemory) refers to freertos.o(.bss) for .bss
    freertos.o(.constdata) refers to freertos.o(.conststring) for .conststring
    freertos.o(.constdata) refers to freertos.o(i.StartDefaultTask) for StartDefaultTask
    usart.o(i.HAL_UART_MspDeInit) refers to stm32f4xx_hal_gpio.o(i.HAL_GPIO_DeInit) for HAL_GPIO_DeInit
    usart.o(i.HAL_UART_MspDeInit) refers to stm32f4xx_hal_cortex.o(i.HAL_NVIC_DisableIRQ) for HAL_NVIC_DisableIRQ
    usart.o(i.HAL_UART_MspInit) refers to memseta.o(.text) for __aeabi_memclr4
    usart.o(i.HAL_UART_MspInit) refers to stm32f4xx_hal_gpio.o(i.HAL_GPIO_Init) for HAL_GPIO_Init
    usart.o(i.HAL_UART_MspInit) refers to stm32f4xx_hal_cortex.o(i.HAL_NVIC_SetPriority) for HAL_NVIC_SetPriority
    usart.o(i.HAL_UART_MspInit) refers to stm32f4xx_hal_cortex.o(i.HAL_NVIC_EnableIRQ) for HAL_NVIC_EnableIRQ
    usart.o(i.MX_USART1_UART_Init) refers to stm32f4xx_hal_uart.o(i.HAL_UART_Init) for HAL_UART_Init
    usart.o(i.MX_USART1_UART_Init) refers to main.o(i.Error_Handler) for Error_Handler
    usart.o(i.MX_USART1_UART_Init) refers to usart.o(.bss) for .bss
    stm32f4xx_it.o(i.OTG_FS_IRQHandler) refers to stm32f4xx_hal_pcd.o(i.HAL_PCD_IRQHandler) for HAL_PCD_IRQHandler
    stm32f4xx_it.o(i.OTG_FS_IRQHandler) refers to usbd_conf.o(.bss) for hpcd_USB_OTG_FS
    stm32f4xx_it.o(i.TIM2_IRQHandler) refers to stm32f4xx_hal_tim.o(i.HAL_TIM_IRQHandler) for HAL_TIM_IRQHandler
    stm32f4xx_it.o(i.TIM2_IRQHandler) refers to stm32f4xx_hal_timebase_tim.o(.bss) for htim2
    stm32f4xx_it.o(i.USART1_IRQHandler) refers to stm32f4xx_hal_uart.o(i.HAL_UART_IRQHandler) for HAL_UART_IRQHandler
    stm32f4xx_it.o(i.USART1_IRQHandler) refers to usart.o(.bss) for huart1
[...]
    HASH_RNG_IRQHandler                      0x08000277   Thumb Code     0  startup_stm32f407xx.o(.text)
    I2C1_ER_IRQHandler                       0x08000277   Thumb Code     0  startup_stm32f407xx.o(.text)
    I2C1_EV_IRQHandler                       0x08000277   Thumb Code     0  startup_stm32f407xx.o(.text)
    I2C2_ER_IRQHandler                       0x08000277   Thumb Code     0  startup_stm32f407xx.o(.text)
    I2C2_EV_IRQHandler                       0x08000277   Thumb Code     0  startup_stm32f407xx.o(.text)
    I2C3_ER_IRQHandler                       0x08000277   Thumb Code     0  startup_stm32f407xx.o(.text)
    I2C3_EV_IRQHandler                       0x08000277   Thumb Code     0  startup_stm32f407xx.o(.text)
    OTG_FS_WKUP_IRQHandler                   0x08000277   Thumb Code     0  startup_stm32f407xx.o(.text)
    OTG_HS_EP1_IN_IRQHandler                 0x08000277   Thumb Code     0  startup_stm32f407xx.o(.text)
    OTG_HS_EP1_OUT_IRQHandler                0x08000277   Thumb Code     0  startup_stm32f407xx.o(.text)
    OTG_HS_IRQHandler                        0x08000277   Thumb Code     0  startup_stm32f407xx.o(.text)
    OTG_HS_WKUP_IRQHandler                   0x08000277   Thumb Code     0  startup_stm32f407xx.o(.text)
    PVD_IRQHandler                           0x08000277   Thumb Code     0  startup_stm32f407xx.o(.text)
    RCC_IRQHandler                           0x08000277   Thumb Code     0  startup_stm32f407xx.o(.text)
    RTC_Alarm_IRQHandler                     0x08000277   Thumb Code     0  startup_stm32f407xx.o(.text)
    RTC_WKUP_IRQHandler                      0x08000277   Thumb Code     0  startup_stm32f407xx.o(.text)
    SDIO_IRQHandler                          0x08000277   Thumb Code     0  startup_stm32f407xx.o(.text)
    SPI1_IRQHandler                          0x08000277   Thumb Code     0  startup_stm32f407xx.o(.text)
    SPI2_IRQHandler                          0x08000277   Thumb Code     0  startup_stm32f407xx.o(.text)
    SPI3_IRQHandler                          0x08000277   Thumb Code     0  startup_stm32f407xx.o(.text)
    TAMP_STAMP_IRQHandler                    0x08000277   Thumb Code     0  startup_stm32f407xx.o(.text)
    TIM1_BRK_TIM9_IRQHandler                 0x08000277   Thumb Code     0  startup_stm32f407xx.o(.text)
    TIM1_CC_IRQHandler                       0x08000277   Thumb Code     0  startup_stm32f407xx.o(.text)
    TIM1_TRG_COM_TIM11_IRQHandler            0x08000277   Thumb Code     0  startup_stm32f407xx.o(.text)
    TIM1_UP_TIM10_IRQHandler                 0x08000277   Thumb Code     0  startup_stm32f407xx.o(.text)
    TIM3_IRQHandler                          0x08000277   Thumb Code     0  startup_stm32f407xx.o(.text)
    TIM4_IRQHandler                          0x08000277   Thumb Code     0  startup_stm32f407xx.o(.text)
    TIM5_IRQHandler                          0x08000277   Thumb Code     0  startup_stm32f407xx.o(.text)
    TIM6_DAC_IRQHandler                      0x08000277   Thumb Code     0  startup_stm32f407xx.o(.text)
    TIM7_IRQHandler                          0x08000277   Thumb Code     0  startup_stm32f407xx.o(.text)
    TIM8_BRK_TIM12_IRQHandler                0x08000277   Thumb Code     0  startup_stm32f407xx.o(.text)
    TIM8_CC_IRQHandler                       0x08000277   Thumb Code     0  startup_stm32f407xx.o(.text)
    TIM8_TRG_COM_TIM14_IRQHandler            0x08000277   Thumb Code     0  startup_stm32f407xx.o(.text)
    TIM8_UP_TIM13_IRQHandler                 0x08000277   Thumb Code     0  startup_stm32f407xx.o(.text)
    UART4_IRQHandler                         0x08000277   Thumb Code     0  startup_stm32f407xx.o(.text)
    UART5_IRQHandler                         0x08000277   Thumb Code     0  startup_stm32f407xx.o(.text)
    USART2_IRQHandler                        0x08000277   Thumb Code     0  startup_stm32f407xx.o(.text)
    USART3_IRQHandler                        0x08000277   Thumb Code     0  startup_stm32f407xx.o(.text)
    USART6_IRQHandler                        0x08000277   Thumb Code     0  startup_stm32f407xx.o(.text)
    WWDG_IRQHandler                          0x08000277   Thumb Code     0  startup_stm32f407xx.o(.text)
    __aeabi_uldivmod                         0x08000281   Thumb Code    98  uldiv.o(.text)
    __aeabi_memcpy                           0x080002e3   Thumb Code    36  memcpya.o(.text)
    __aeabi_memcpy4                          0x080002e3   Thumb Code     0  memcpya.o(.text)
    __aeabi_memcpy8                          0x080002e3   Thumb Code     0  memcpya.o(.text)
    __aeabi_memset                           0x08000307   Thumb Code    14  memseta.o(.text)
    __aeabi_memset4                          0x08000307   Thumb Code     0  memseta.o(.text)
    __aeabi_memset8                          0x08000307   Thumb Code     0  memseta.o(.text)
    __aeabi_memclr                           0x08000315   Thumb Code     4  memseta.o(.text)
    __aeabi_memclr4                          0x08000315   Thumb Code     0  memseta.o(.text)
    __aeabi_memclr8                          0x08000315   Thumb Code     0  memseta.o(.text)
    memset                                   0x08000319   Thumb Code    18  memseta.o(.text)
    memcmp                                   0x0800032b   Thumb Code    26  memcmp.o(.text)
    __aeabi_dadd                             0x08000345   Thumb Code   322  dadd.o(.text)
    __aeabi_dsub                             0x08000487   Thumb Code     6  dadd.o(.text)
    __aeabi_drsub                            0x0800048d   Thumb Code     6  dadd.o(.text)
    __aeabi_dmul                             0x08000493   Thumb Code   228  dmul.o(.text)
    __aeabi_ddiv                             0x08000577   Thumb Code   222  ddiv.o(.text)
    __aeabi_f2d                              0x08000655   Thumb Code    38  f2d.o(.text)
    __aeabi_d2f                              0x0800067b   Thumb Code    56  d2f.o(.text)
    __aeabi_uidiv                            0x080006b3   Thumb Code     0  uidiv.o(.text)
    __aeabi_uidivmod                         0x080006b3   Thumb Code    44  uidiv.o(.text)
    __aeabi_llsl                             0x080006df   Thumb Code    30  llshl.o(.text)
    _ll_shift_l                              0x080006df   Thumb Code     0  llshl.o(.text)
    __aeabi_llsr                             0x080006fd   Thumb Code    32  llushr.o(.text)
    _ll_ushift_r                             0x080006fd   Thumb Code     0  llushr.o(.text)
    __aeabi_lasr                             0x0800071d   Thumb Code    36  llsshr.o(.text)
    _ll_sshift_r                             0x0800071d   Thumb Code     0  llsshr.o(.text)
    __I$use$fp                               0x08000741   Thumb Code     0  iusefp.o(.text)
    _float_round                             0x08000741   Thumb Code    18  fepilogue.o(.text)
    _float_epilogue                          0x08000753   Thumb Code    92  fepilogue.o(.text)
    _double_round                            0x080007af   Thumb Code    30  depilogue.o(.text)
    _double_epilogue                         0x080007cd   Thumb Code   156  depilogue.o(.text)
    __ARM_scalbn                             0x08000869   Thumb Code    46  dscalb.o(.text)
    scalbn                                   0x08000869   Thumb Code     0  dscalb.o(.text)
    _dsqrt                                   0x08000897   Thumb Code   162  dsqrt.o(.text)
    __aeabi_i2d                              0x08000939   Thumb Code    34  dflti.o(.text)
    __aeabi_d2ulz                            0x0800095b   Thumb Code    48  dfixul.o(.text)
    __aeabi_cdrcmple                         0x0800098d   Thumb Code    48  cdrcmple.o(.text)
    __scatterload                            0x080009bd   Thumb Code    28  init.o(.text)
    __scatterload_rt2                        0x080009bd   Thumb Code     0  init.o(.text)
    __aeabi_ui2d                             0x080009e1   Thumb Code    26  dfltui.o(.text)
    __aeabi_d2iz                             0x080009fb   Thumb Code    62  dfixi.o(.text)
    __decompress                             0x08000a39   Thumb Code     0  __dczerorl2.o(.text)
    __decompress1                            0x08000a39   Thumb Code    86  __dczerorl2.o(.text)
    BusFault_Handler                         0x08000a8f   Thumb Code     2  stm32f4xx_it.o(i.BusFault_Handler)
    CDC_Transmit_FS                          0x08000b0d   Thumb Code    38  usbd_cdc_if.o(i.CDC_Transmit_FS)
    DebugMon_Handler                         0x08000b39   Thumb Code     2  stm32f4xx_it.o(i.DebugMon_Handler)
    Error_Handler                            0x08000b3b   Thumb Code     4  main.o(i.Error_Handler)
    FlightControlTask                        0x08000b41   Thumb Code   156  mytask.o(i.FlightControlTask)
    HAL_DMA_Abort                            0x08000c0d   Thumb Code   146  stm32f4xx_hal_dma.o(i.HAL_DMA_Abort)
    HAL_DMA_Abort_IT                         0x08000c9f   Thumb Code    36  stm32f4xx_hal_dma.o(i.HAL_DMA_Abort_IT)
    HAL_Delay                                0x08000cc5   Thumb Code    32  stm32f4xx_hal.o(i.HAL_Delay)
    HAL_GPIO_Init                            0x08000ce9   Thumb Code   450  stm32f4xx_hal_gpio.o(i.HAL_GPIO_Init)
    HAL_GetTick                              0x08000ed9   Thumb Code     6  stm32f4xx_hal.o(i.HAL_GetTick)
    HAL_IncTick                              0x08000ee5   Thumb Code    12  stm32f4xx_hal.o(i.HAL_IncTick)
    HAL_Init                                 0x08000ef5   Thumb Code    48  stm32f4xx_hal.o(i.HAL_Init)
    HAL_InitTick                             0x08000f29   Thumb Code   134  stm32f4xx_hal_timebase_tim.o(i.HAL_InitTick)
    HAL_MspInit                              0x08000fc1   Thumb Code    52  stm32f4xx_hal_msp.o(i.HAL_MspInit)
    HAL_NVIC_EnableIRQ                       0x08000ff9   Thumb Code    26  stm32f4xx_hal_cortex.o(i.HAL_NVIC_EnableIRQ)
    HAL_NVIC_SetPriority                     0x08001015   Thumb Code    60  stm32f4xx_hal_cortex.o(i.HAL_NVIC_SetPriority)
    HAL_NVIC_SetPriorityGrouping             0x08001055   Thumb Code    26  stm32f4xx_hal_cortex.o(i.HAL_NVIC_SetPriorityGrouping)
    HAL_PCDEx_LPM_Callback                   0x08001079   Thumb Code     2  stm32f4xx_hal_pcd_ex.o(i.HAL_PCDEx_LPM_Callback)
    HAL_PCDEx_SetRxFiFo                      0x0800107b   Thumb Code     8  stm32f4xx_hal_pcd_ex.o(i.HAL_PCDEx_SetRxFiFo)
    HAL_PCDEx_SetTxFiFo                      0x08001083   Thumb Code    68  stm32f4xx_hal_pcd_ex.o(i.HAL_PCDEx_SetTxFiFo)
    HAL_PCD_ConnectCallback                  0x080010c7   Thumb Code     8  usbd_conf.o(i.HAL_PCD_ConnectCallback)
    HAL_PCD_DataInStageCallback              0x080010cf   Thumb Code    18  usbd_conf.o(i.HAL_PCD_DataInStageCallback)
    HAL_PCD_DataOutStageCallback             0x080010e1   Thumb Code    20  usbd_conf.o(i.HAL_PCD_DataOutStageCallback)
    HAL_PCD_DisconnectCallback               0x080010f5   Thumb Code     8  usbd_conf.o(i.HAL_PCD_DisconnectCallback)
    HAL_PCD_EP_Abort                         0x080010fd   Thumb Code    30  stm32f4xx_hal_pcd.o(i.HAL_PCD_EP_Abort)
    HAL_PCD_EP_Close                         0x0800111b   Thumb Code    74  stm32f4xx_hal_pcd.o(i.HAL_PCD_EP_Close)
    HAL_PCD_EP_ClrStall                      0x08001165   Thumb Code    90  stm32f4xx_hal_pcd.o(i.HAL_PCD_EP_ClrStall)
    HAL_PCD_EP_GetRxCount                    0x080011bf   Thumb Code    18  stm32f4xx_hal_pcd.o(i.HAL_PCD_EP_GetRxCount)
    HAL_PCD_EP_Open                          0x080011d1   Thumb Code    98  stm32f4xx_hal_pcd.o(i.HAL_PCD_EP_Open)
    HAL_PCD_EP_Receive                       0x08001233   Thumb Code    56  stm32f4xx_hal_pcd.o(i.HAL_PCD_EP_Receive)
    HAL_PCD_EP_SetStall                      0x0800126b   Thumb Code   114  stm32f4xx_hal_pcd.o(i.HAL_PCD_EP_SetStall)
    HAL_PCD_EP_Transmit                      0x080012dd   Thumb Code    50  stm32f4xx_hal_pcd.o(i.HAL_PCD_EP_Transmit)
    HAL_PCD_IRQHandler                       0x08001311   Thumb Code  1372  stm32f4xx_hal_pcd.o(i.HAL_PCD_IRQHandler)
    HAL_PCD_ISOINIncompleteCallback          0x0800186d   Thumb Code     8  usbd_conf.o(i.HAL_PCD_ISOINIncompleteCallback)
    HAL_PCD_ISOOUTIncompleteCallback         0x08001875   Thumb Code     8  usbd_conf.o(i.HAL_PCD_ISOOUTIncompleteCallback)
    HAL_PCD_Init                             0x0800187d   Thumb Code   204  stm32f4xx_hal_pcd.o(i.HAL_PCD_Init)
    HAL_PCD_MspInit                          0x08001949   Thumb Code   122  usbd_conf.o(i.HAL_PCD_MspInit)
    HAL_PCD_ResetCallback                    0x080019cd   Thumb Code    44  usbd_conf.o(i.HAL_PCD_ResetCallback)
    HAL_PCD_ResumeCallback                   0x080019f9   Thumb Code     8  usbd_conf.o(i.HAL_PCD_ResumeCallback)
    HAL_PCD_SOFCallback                      0x08001a01   Thumb Code     8  usbd_conf.o(i.HAL_PCD_SOFCallback)
    HAL_PCD_SetAddress                       0x08001a09   Thumb Code    38  stm32f4xx_hal_pcd.o(i.HAL_PCD_SetAddress)
    HAL_PCD_SetupStageCallback               0x08001a2f   Thumb Code    14  usbd_conf.o(i.HAL_PCD_SetupStageCallback)
    HAL_PCD_Start                            0x08001a3d   Thumb Code    66  stm32f4xx_hal_pcd.o(i.HAL_PCD_Start)
    HAL_PCD_SuspendCallback                  0x08001a81   Thumb Code    44  usbd_conf.o(i.HAL_PCD_SuspendCallback)
    HAL_RCC_ClockConfig                      0x08001ab1   Thumb Code   288  stm32f4xx_hal_rcc.o(i.HAL_RCC_ClockConfig)
    HAL_RCC_GetClockConfig                   0x08001be5   Thumb Code    54  stm32f4xx_hal_rcc.o(i.HAL_RCC_GetClockConfig)
    HAL_RCC_GetHCLKFreq                      0x08001c25   Thumb Code     6  stm32f4xx_hal_rcc.o(i.HAL_RCC_GetHCLKFreq)
    HAL_RCC_GetPCLK1Freq                     0x08001c31   Thumb Code    20  stm32f4xx_hal_rcc.o(i.HAL_RCC_GetPCLK1Freq)
    HAL_RCC_GetPCLK2Freq                     0x08001c51   Thumb Code    20  stm32f4xx_hal_rcc.o(i.HAL_RCC_GetPCLK2Freq)
    HAL_RCC_GetSysClockFreq                  0x08001c71   Thumb Code    88  stm32f4xx_hal_rcc.o(i.HAL_RCC_GetSysClockFreq)
    HAL_RCC_OscConfig                        0x08001cd1   Thumb Code   856  stm32f4xx_hal_rcc.o(i.HAL_RCC_OscConfig)
    HAL_TIMEx_BreakCallback                  0x0800203d   Thumb Code     2  stm32f4xx_hal_tim_ex.o(i.HAL_TIMEx_BreakCallback)
    HAL_TIMEx_CommutCallback                 0x0800203f   Thumb Code     2  stm32f4xx_hal_tim_ex.o(i.HAL_TIMEx_CommutCallback)
    HAL_TIM_Base_Init                        0x08002041   Thumb Code    90  stm32f4xx_hal_tim.o(i.HAL_TIM_Base_Init)
    HAL_TIM_Base_MspInit                     0x0800209b   Thumb Code     2  stm32f4xx_hal_tim.o(i.HAL_TIM_Base_MspInit)
    HAL_TIM_Base_Start_IT                    0x0800209d   Thumb Code   100  stm32f4xx_hal_tim.o(i.HAL_TIM_Base_Start_IT)
    HAL_TIM_IC_CaptureCallback               0x0800211d   Thumb Code     2  stm32f4xx_hal_tim.o(i.HAL_TIM_IC_CaptureCallback)
    HAL_TIM_IRQHandler                       0x0800211f   Thumb Code   304  stm32f4xx_hal_tim.o(i.HAL_TIM_IRQHandler)
    HAL_TIM_OC_DelayElapsedCallback          0x0800224f   Thumb Code     2  stm32f4xx_hal_tim.o(i.HAL_TIM_OC_DelayElapsedCallback)
    HAL_TIM_PWM_PulseFinishedCallback        0x08002251   Thumb Code     2  stm32f4xx_hal_tim.o(i.HAL_TIM_PWM_PulseFinishedCallback)
    HAL_TIM_PeriodElapsedCallback            0x08002253   Thumb Code    14  main.o(i.HAL_TIM_PeriodElapsedCallback)
    HAL_TIM_TriggerCallback                  0x08002261   Thumb Code     2  stm32f4xx_hal_tim.o(i.HAL_TIM_TriggerCallback)
    HAL_UARTEx_RxEventCallback               0x08002263   Thumb Code     2  stm32f4xx_hal_uart.o(i.HAL_UARTEx_RxEventCallback)
    HAL_UART_ErrorCallback                   0x08002265   Thumb Code     2  stm32f4xx_hal_uart.o(i.HAL_UART_ErrorCallback)
    HAL_UART_IRQHandler                      0x08002269   Thumb Code   636  stm32f4xx_hal_uart.o(i.HAL_UART_IRQHandler)
    HAL_UART_Init                            0x080024e9   Thumb Code   100  stm32f4xx_hal_uart.o(i.HAL_UART_Init)
    HAL_UART_MspInit                         0x0800254d   Thumb Code   110  usart.o(i.HAL_UART_MspInit)
    HAL_UART_RxCpltCallback                  0x080025c9   Thumb Code     2  stm32f4xx_hal_uart.o(i.HAL_UART_RxCpltCallback)
    HAL_UART_Transmit                        0x080025cb   Thumb Code   160  stm32f4xx_hal_uart.o(i.HAL_UART_Transmit)
    HAL_UART_TxCpltCallback                  0x0800266b   Thumb Code     2  stm32f4xx_hal_uart.o(i.HAL_UART_TxCpltCallback)
    HardFault_Handler                        0x0800266d   Thumb Code     2  stm32f4xx_it.o(i.HardFault_Handler)
    MX_FREERTOS_Init                         0x080026a9   Thumb Code    30  freertos.o(i.MX_FREERTOS_Init)
    MX_GPIO_Init                             0x080026d1   Thumb Code    38  gpio.o(i.MX_GPIO_Init)
    MX_USART1_UART_Init                      0x080026fd   Thumb Code    48  usart.o(i.MX_USART1_UART_Init)
    MX_USB_DEVICE_Init                       0x08002735   Thumb Code    66  usb_device.o(i.MX_USB_DEVICE_Init)
    MemManage_Handler                        0x08002789   Thumb Code     2  stm32f4xx_it.o(i.MemManage_Handler)
    MyTask_Init                              0x0800278d   Thumb Code   154  mytask.o(i.MyTask_Init)
    NMI_Handler                              0x08002879   Thumb Code     2  stm32f4xx_it.o(i.NMI_Handler)
    OTG_FS_IRQHandler                        0x0800287d   Thumb Code     6  stm32f4xx_it.o(i.OTG_FS_IRQHandler)
    SendActuatorTask                         0x08002a01   Thumb Code   176  mytask.o(i.SendActuatorTask)
    StartCDCReceiveTask                      0x08002ab9   Thumb Code   226  mytask.o(i.StartCDCReceiveTask)
    StartDefaultTask                         0x08002bbd   Thumb Code     8  freertos.o(i.StartDefaultTask)
    SysTick_Handler                          0x08002bc5   Thumb Code    38  port.o(i.SysTick_Handler)
    SystemClock_Config                       0x08002bf1   Thumb Code   136  main.o(i.SystemClock_Config)
    SystemInit                               0x08002c81   Thumb Code    12  system_stm32f4xx.o(i.SystemInit)
    TIM2_IRQHandler                          0x08002c91   Thumb Code     6  stm32f4xx_it.o(i.TIM2_IRQHandler)
    TIM_Base_SetConfig                       0x08002c9d   Thumb Code   164  stm32f4xx_hal_tim.o(i.TIM_Base_SetConfig)
    USART1_IRQHandler                        0x0800300d   Thumb Code     6  stm32f4xx_it.o(i.USART1_IRQHandler)
    USBD_CDC_GetDeviceQualifierDescriptor    0x08003199   Thumb Code     8  usbd_cdc.o(i.USBD_CDC_GetDeviceQualifierDescriptor)
    USBD_CDC_ReceivePacket                   0x0800337d   Thumb Code    50  usbd_cdc.o(i.USBD_CDC_ReceivePacket)
    USBD_CDC_RegisterInterface               0x080033b5   Thumb Code    22  usbd_cdc.o(i.USBD_CDC_RegisterInterface)
    USBD_CDC_SetRxBuffer                     0x080033cb   Thumb Code    26  usbd_cdc.o(i.USBD_CDC_SetRxBuffer)
    USBD_CDC_SetTxBuffer                     0x080033e5   Thumb Code    30  usbd_cdc.o(i.USBD_CDC_SetTxBuffer)
    USBD_CDC_TransmitPacket                  0x080034d9   Thumb Code    76  usbd_cdc.o(i.USBD_CDC_TransmitPacket)
    USBD_ClrClassConfig                      0x08003529   Thumb Code    20  usbd_core.o(i.USBD_ClrClassConfig)
    USBD_CoreFindEP                          0x0800353d   Thumb Code     4  usbd_core.o(i.USBD_CoreFindEP)
    USBD_CoreFindIF                          0x08003541   Thumb Code     4  usbd_core.o(i.USBD_CoreFindIF)
    USBD_CtlContinueRx                       0x08003545   Thumb Code    16  usbd_ioreq.o(i.USBD_CtlContinueRx)
    USBD_CtlContinueSendData                 0x08003555   Thumb Code    16  usbd_ioreq.o(i.USBD_CtlContinueSendData)
    USBD_CtlError                            0x08003565   Thumb Code    22  usbd_ctlreq.o(i.USBD_CtlError)
    USBD_CtlPrepareRx                        0x0800357b   Thumb Code    34  usbd_ioreq.o(i.USBD_CtlPrepareRx)
    USBD_CtlReceiveStatus                    0x0800359d   Thumb Code    22  usbd_ioreq.o(i.USBD_CtlReceiveStatus)
    USBD_CtlSendData                         0x080035b3   Thumb Code    28  usbd_ioreq.o(i.USBD_CtlSendData)
    USBD_CtlSendStatus                       0x080035cf   Thumb Code    22  usbd_ioreq.o(i.USBD_CtlSendStatus)
    USBD_FS_ConfigStrDescriptor              0x080035e5   Thumb Code    16  usbd_desc.o(i.USBD_FS_ConfigStrDescriptor)
    USBD_FS_DeviceDescriptor                 0x08003605   Thumb Code     8  usbd_desc.o(i.USBD_FS_DeviceDescriptor)
    USBD_FS_InterfaceStrDescriptor           0x08003611   Thumb Code    16  usbd_desc.o(i.USBD_FS_InterfaceStrDescriptor)
    USBD_FS_LangIDStrDescriptor              0x08003635   Thumb Code     8  usbd_desc.o(i.USBD_FS_LangIDStrDescriptor)
    USBD_FS_ManufacturerStrDescriptor        0x08003641   Thumb Code    16  usbd_desc.o(i.USBD_FS_ManufacturerStrDescriptor)
    USBD_FS_ProductStrDescriptor             0x08003669   Thumb Code    16  usbd_desc.o(i.USBD_FS_ProductStrDescriptor)
    USBD_FS_SerialStrDescriptor              0x08003695   Thumb Code    48  usbd_desc.o(i.USBD_FS_SerialStrDescriptor)
    USBD_GetEpDesc                           0x080037b3   Thumb Code    58  usbd_core.o(i.USBD_GetEpDesc)
    USBD_GetNextDesc                         0x08003801   Thumb Code    14  usbd_core.o(i.USBD_GetNextDesc)
    USBD_GetString                           0x0800380f   Thumb Code    78  usbd_ctlreq.o(i.USBD_GetString)
    USBD_Get_USB_Status                      0x0800385d   Thumb Code    24  usbd_conf.o(i.USBD_Get_USB_Status)
    USBD_Init                                0x08003875   Thumb Code    38  usbd_core.o(i.USBD_Init)
    USBD_LL_ClearStallEP                     0x0800389b   Thumb Code    18  usbd_conf.o(i.USBD_LL_ClearStallEP)
    USBD_LL_CloseEP                          0x080038ad   Thumb Code    18  usbd_conf.o(i.USBD_LL_CloseEP)
    USBD_LL_DataInStage                      0x080038bf   Thumb Code   184  usbd_core.o(i.USBD_LL_DataInStage)
    USBD_LL_DataOutStage                     0x08003977   Thumb Code   148  usbd_core.o(i.USBD_LL_DataOutStage)
    USBD_LL_DevConnected                     0x08003a0b   Thumb Code     4  usbd_core.o(i.USBD_LL_DevConnected)
    USBD_LL_DevDisconnected                  0x08003a0f   Thumb Code    30  usbd_core.o(i.USBD_LL_DevDisconnected)
    USBD_LL_GetRxDataSize                    0x08003a2d   Thumb Code     8  usbd_conf.o(i.USBD_LL_GetRxDataSize)
    USBD_LL_Init                             0x08003a35   Thumb Code    90  usbd_conf.o(i.USBD_LL_Init)
    USBD_LL_IsStallEP                        0x08003a95   Thumb Code    30  usbd_conf.o(i.USBD_LL_IsStallEP)
    USBD_LL_IsoINIncomplete                  0x08003ab3   Thumb Code    40  usbd_core.o(i.USBD_LL_IsoINIncomplete)
    USBD_LL_IsoOUTIncomplete                 0x08003adb   Thumb Code    40  usbd_core.o(i.USBD_LL_IsoOUTIncomplete)
    USBD_LL_OpenEP                           0x08003b03   Thumb Code    24  usbd_conf.o(i.USBD_LL_OpenEP)
    USBD_LL_PrepareReceive                   0x08003b1b   Thumb Code    18  usbd_conf.o(i.USBD_LL_PrepareReceive)
    USBD_LL_Reset                            0x08003b2d   Thumb Code    94  usbd_core.o(i.USBD_LL_Reset)
    USBD_LL_Resume                           0x08003b8b   Thumb Code    20  usbd_core.o(i.USBD_LL_Resume)
    USBD_LL_SOF                              0x08003b9f   Thumb Code    26  usbd_core.o(i.USBD_LL_SOF)
    USBD_LL_SetSpeed                         0x08003bb9   Thumb Code     6  usbd_core.o(i.USBD_LL_SetSpeed)
    USBD_LL_SetUSBAddress                    0x08003bbf   Thumb Code    18  usbd_conf.o(i.USBD_LL_SetUSBAddress)
    USBD_LL_SetupStage                       0x08003bd1   Thumb Code    96  usbd_core.o(i.USBD_LL_SetupStage)
    USBD_LL_StallEP                          0x08003c31   Thumb Code    18  usbd_conf.o(i.USBD_LL_StallEP)
    USBD_LL_Start                            0x08003c43   Thumb Code    18  usbd_conf.o(i.USBD_LL_Start)
    USBD_LL_Suspend                          0x08003c55   Thumb Code    26  usbd_core.o(i.USBD_LL_Suspend)
    USBD_LL_Transmit                         0x08003c6f   Thumb Code    18  usbd_conf.o(i.USBD_LL_Transmit)
    USBD_ParseSetupRequest                   0x08003c81   Thumb Code    44  usbd_ctlreq.o(i.USBD_ParseSetupRequest)
    USBD_RegisterClass                       0x08003cad   Thumb Code    58  usbd_core.o(i.USBD_RegisterClass)
    USBD_SetClassConfig                      0x08003ce7   Thumb Code    20  usbd_core.o(i.USBD_SetClassConfig)
    USBD_Start                               0x08003db5   Thumb Code     4  usbd_core.o(i.USBD_Start)
    USBD_StdDevReq                           0x08003db9   Thumb Code   300  usbd_ctlreq.o(i.USBD_StdDevReq)
    USBD_StdEPReq                            0x08003ee5   Thumb Code   358  usbd_ctlreq.o(i.USBD_StdEPReq)
    USBD_StdItfReq                           0x0800404b   Thumb Code   114  usbd_ctlreq.o(i.USBD_StdItfReq)
    USBD_static_free                         0x080040bd   Thumb Code     2  usbd_conf.o(i.USBD_static_free)
    USBD_static_malloc                       0x080040c1   Thumb Code     4  usbd_conf.o(i.USBD_static_malloc)
    USB_ActivateEndpoint                     0x080040c9   Thumb Code   122  stm32f4xx_ll_usb.o(i.USB_ActivateEndpoint)
    USB_ActivateSetup                        0x08004149   Thumb Code    28  stm32f4xx_ll_usb.o(i.USB_ActivateSetup)
    USB_CoreInit                             0x08004165   Thumb Code   126  stm32f4xx_ll_usb.o(i.USB_CoreInit)
    USB_DeactivateEndpoint                   0x0800422d   Thumb Code   194  stm32f4xx_ll_usb.o(i.USB_DeactivateEndpoint)
    USB_DevConnect                           0x080042f9   Thumb Code    28  stm32f4xx_ll_usb.o(i.USB_DevConnect)
    USB_DevDisconnect                        0x08004315   Thumb Code    28  stm32f4xx_ll_usb.o(i.USB_DevDisconnect)
    USB_DevInit                              0x08004331   Thumb Code   370  stm32f4xx_ll_usb.o(i.USB_DevInit)
    USB_DisableGlobalInt                     0x080044ad   Thumb Code    12  stm32f4xx_ll_usb.o(i.USB_DisableGlobalInt)
    USB_EP0_OutStart                         0x080044b9   Thumb Code    84  stm32f4xx_ll_usb.o(i.USB_EP0_OutStart)
    USB_EPClearStall                         0x08004511   Thumb Code    88  stm32f4xx_ll_usb.o(i.USB_EPClearStall)
    USB_EPSetStall                           0x08004569   Thumb Code    88  stm32f4xx_ll_usb.o(i.USB_EPSetStall)
    USB_EPStartXfer                          0x080045c1   Thumb Code   562  stm32f4xx_ll_usb.o(i.USB_EPStartXfer)
    USB_EPStopXfer                           0x080047f9   Thumb Code   158  stm32f4xx_ll_usb.o(i.USB_EPStopXfer)
    USB_EnableGlobalInt                      0x08004897   Thumb Code    12  stm32f4xx_ll_usb.o(i.USB_EnableGlobalInt)
    USB_FlushRxFifo                          0x080048a3   Thumb Code    56  stm32f4xx_ll_usb.o(i.USB_FlushRxFifo)
    USB_FlushTxFifo                          0x080048db   Thumb Code    60  stm32f4xx_ll_usb.o(i.USB_FlushTxFifo)
    USB_GetDevSpeed                          0x08004917   Thumb Code    26  stm32f4xx_ll_usb.o(i.USB_GetDevSpeed)
    USB_GetMode                              0x08004931   Thumb Code     8  stm32f4xx_ll_usb.o(i.USB_GetMode)
    USB_ReadDevAllInEpInterrupt              0x08004939   Thumb Code    14  stm32f4xx_ll_usb.o(i.USB_ReadDevAllInEpInterrupt)
    USB_ReadDevAllOutEpInterrupt             0x08004947   Thumb Code    14  stm32f4xx_ll_usb.o(i.USB_ReadDevAllOutEpInterrupt)
    USB_ReadDevInEPInterrupt                 0x08004955   Thumb Code    36  stm32f4xx_ll_usb.o(i.USB_ReadDevInEPInterrupt)
    USB_ReadDevOutEPInterrupt                0x08004979   Thumb Code    16  stm32f4xx_ll_usb.o(i.USB_ReadDevOutEPInterrupt)
    USB_ReadInterrupts                       0x08004989   Thumb Code     8  stm32f4xx_ll_usb.o(i.USB_ReadInterrupts)
    USB_ReadPacket                           0x08004991   Thumb Code    62  stm32f4xx_ll_usb.o(i.USB_ReadPacket)
    USB_SetCurrentMode                       0x080049cf   Thumb Code    92  stm32f4xx_ll_usb.o(i.USB_SetCurrentMode)
    USB_SetDevAddress                        0x08004a2b   Thumb Code    34  stm32f4xx_ll_usb.o(i.USB_SetDevAddress)
    USB_SetTurnaroundTime                    0x08004a4d   Thumb Code   158  stm32f4xx_ll_usb.o(i.USB_SetTurnaroundTime)
    USB_WritePacket                          0x08004b35   Thumb Code    40  stm32f4xx_ll_usb.o(i.USB_WritePacket)
    UsageFault_Handler                       0x08004b5d   Thumb Code     2  stm32f4xx_it.o(i.UsageFault_Handler)
    __0printf                                0x08004b61   Thumb Code    22  printfa.o(i.__0printf)
    __1printf                                0x08004b61   Thumb Code     0  printfa.o(i.__0printf)
    __2printf                                0x08004b61   Thumb Code     0  printfa.o(i.__0printf)
    __c89printf                              0x08004b61   Thumb Code     0  printfa.o(i.__0printf)
    printf                                   0x08004b61   Thumb Code     0  printfa.o(i.__0printf)
    __ARM_fpclassify                         0x08004b81   Thumb Code    48  fpclassify.o(i.__ARM_fpclassify)
    __hardfp_atan                            0x08004bd1   Thumb Code   622  atan.o(i.__hardfp_atan)
    __hardfp_atan2                           0x08004ea9   Thumb Code   432  atan2.o(i.__hardfp_atan2)
    __hardfp_cos                             0x08005099   Thumb Code   180  cos.o(i.__hardfp_cos)
    __hardfp_pow                             0x08005161   Thumb Code  3072  pow.o(i.__hardfp_pow)
    __hardfp_sin                             0x08005db1   Thumb Code   180  sin.o(i.__hardfp_sin)
    __hardfp_sqrt                            0x08005e79   Thumb Code   122  sqrt.o(i.__hardfp_sqrt)
    __ieee754_rem_pio2                       0x08005ef9   Thumb Code   938  rred.o(i.__ieee754_rem_pio2)
    __kernel_cos                             0x08006331   Thumb Code   322  cos_i.o(i.__kernel_cos)
    __kernel_poly                            0x080064a1   Thumb Code   248  poly.o(i.__kernel_poly)
    __kernel_sin                             0x08006599   Thumb Code   280  sin_i.o(i.__kernel_sin)
    __mathlib_dbl_divzero                    0x080066c9   Thumb Code    28  dunder.o(i.__mathlib_dbl_divzero)
    __mathlib_dbl_infnan                     0x080066f9   Thumb Code    20  dunder.o(i.__mathlib_dbl_infnan)
    __mathlib_dbl_infnan2                    0x0800670d   Thumb Code    20  dunder.o(i.__mathlib_dbl_infnan2)
    __mathlib_dbl_invalid                    0x08006721   Thumb Code    24  dunder.o(i.__mathlib_dbl_invalid)
    __mathlib_dbl_overflow                   0x08006741   Thumb Code    24  dunder.o(i.__mathlib_dbl_overflow)
    __mathlib_dbl_underflow                  0x08006761   Thumb Code    24  dunder.o(i.__mathlib_dbl_underflow)
    __scatterload_copy                       0x08006781   Thumb Code    14  handlers.o(i.__scatterload_copy)
    __scatterload_null                       0x0800678f   Thumb Code     2  handlers.o(i.__scatterload_null)
    __scatterload_zeroinit                   0x08006791   Thumb Code    14  handlers.o(i.__scatterload_zeroinit)
    __set_errno                              0x080067a1   Thumb Code     6  errno.o(i.__set_errno)
    atan                                     0x08007077   Thumb Code    16  atan.o(i.atan)
    attitude_control                         0x08007089   Thumb Code   274  attitude_control.o(i.attitude_control)
    fabs                                     0x080071fd   Thumb Code    24  fabs.o(i.fabs)
    fputc                                    0x08007215   Thumb Code    20  mytask.o(i.fputc)
    main                                     0x0800722d   Thumb Code    48  main.o(i.main)
    motor_velocity_output                    0x08007c09   Thumb Code   112  attitude_control.o(i.motor_velocity_output)
    osDelay                                  0x08007c89   Thumb Code    14  cmsis_os.o(i.osDelay)
    osKernelStart                            0x08007c97   Thumb Code    10  cmsis_os.o(i.osKernelStart)
    osThreadCreate                           0x08007ca1   Thumb Code    84  cmsis_os.o(i.osThreadCreate)
    position_control                         0x08007cf5   Thumb Code   792  position_control.o(i.position_control)
    pvPortMalloc                             0x080084ed   Thumb Code   216  heap_4.o(i.pvPortMalloc)
    pxPortInitialiseStack                    0x080085c9   Thumb Code    40  port.o(i.pxPortInitialiseStack)
    road_plan_circle                         0x080085f5   Thumb Code   286  planning.o(i.road_plan_circle)
    sensor_attitude_data                     0x0800876d   Thumb Code   496  sensor.o(i.sensor_attitude_data)
    sensor_position_data                     0x08008991   Thumb Code   158  sensor.o(i.sensor_position_data)
    sqrt                                     0x08008a69   Thumb Code   110  sqrt.o(i.sqrt)
    uxListRemove                             0x08008ad7   Thumb Code    38  list.o(i.uxListRemove)
    vApplicationGetIdleTaskMemory            0x08008afd   Thumb Code    16  freertos.o(i.vApplicationGetIdleTaskMemory)
    vListInitialise                          0x08008b11   Thumb Code    22  list.o(i.vListInitialise)
    vListInitialiseItem                      0x08008b27   Thumb Code     6  list.o(i.vListInitialiseItem)
    vListInsert                              0x08008b2d   Thumb Code    48  list.o(i.vListInsert)
    vListInsertEnd                           0x08008b5d   Thumb Code    24  list.o(i.vListInsertEnd)
    vPortEnterCritical                       0x08008b75   Thumb Code    54  port.o(i.vPortEnterCritical)
    vPortExitCritical                        0x08008bb5   Thumb Code    34  port.o(i.vPortExitCritical)
    vPortFree                                0x08008bdd   Thumb Code    94  heap_4.o(i.vPortFree)
    vPortSetupTimerInterrupt                 0x08008c41   Thumb Code    32  port.o(i.vPortSetupTimerInterrupt)
    vTaskDelay                               0x08008c65   Thumb Code    66  tasks.o(i.vTaskDelay)
    vTaskInternalSetTimeOutState             0x08008cb1   Thumb Code    12  tasks.o(i.vTaskInternalSetTimeOutState)
    vTaskMissedYield                         0x08008cc1   Thumb Code     8  tasks.o(i.vTaskMissedYield)
    vTaskPlaceOnEventList                    0x08008ccd   Thumb Code    44  tasks.o(i.vTaskPlaceOnEventList)
    vTaskStartScheduler                      0x08008cfd   Thumb Code    90  tasks.o(i.vTaskStartScheduler)
    vTaskSuspendAll                          0x08008d69   Thumb Code    10  tasks.o(i.vTaskSuspendAll)
    vTaskSwitchContext                       0x08008d79   Thumb Code    82  tasks.o(i.vTaskSwitchContext)
    xPortStartScheduler                      0x08008dd5   Thumb Code   222  port.o(i.xPortStartScheduler)
    xQueueGenericCreateStatic                0x08008ec9   Thumb Code   102  queue.o(i.xQueueGenericCreateStatic)
    xQueueGenericReset                       0x08008f31   Thumb Code   132  queue.o(i.xQueueGenericReset)
    xQueueGenericSend                        0x08008fb9   Thumb Code   346  queue.o(i.xQueueGenericSend)
    xQueueReceive                            0x08009119   Thumb Code   308  queue.o(i.xQueueReceive)
    xTaskCheckForTimeOut                     0x08009251   Thumb Code   112  tasks.o(i.xTaskCheckForTimeOut)
    xTaskCreate                              0x080092c5   Thumb Code    90  tasks.o(i.xTaskCreate)
    xTaskCreateStatic                        0x0800931f   Thumb Code    86  tasks.o(i.xTaskCreateStatic)
    xTaskGetSchedulerState                   0x08009375   Thumb Code    22  tasks.o(i.xTaskGetSchedulerState)
    xTaskGetTickCount                        0x08009391   Thumb Code     6  tasks.o(i.xTaskGetTickCount)
    xTaskIncrementTick                       0x0800939d   Thumb Code   194  tasks.o(i.xTaskIncrementTick)
    xTaskPriorityDisinherit                  0x08009469   Thumb Code   144  tasks.o(i.xTaskPriorityDisinherit)
    xTaskRemoveFromEventList                 0x08009501   Thumb Code   108  tasks.o(i.xTaskRemoveFromEventList)
    xTaskResumeAll                           0x08009575   Thumb Code   182  tasks.o(i.xTaskResumeAll)
    AHBPrescTable                            0x08009654   Data          16  system_stm32f4xx.o(.constdata)
    APBPrescTable                            0x08009664   Data           8  system_stm32f4xx.o(.constdata)
    throttle                                 0x0800a264   Data           4  globals.o(.constdata)
    target_height                            0x0800a268   Data           4  globals.o(.constdata)
    __mathlib_zero                           0x0800a3c0   Data           8  qnan.o(.constdata)
    Region$$Table$$Base                      0x0800a4c4   Number         0  anon$$obj.o(Region$$Table)
    Region$$Table$$Limit                     0x0800a4e4   Number         0  anon$$obj.o(Region$$Table)
    sensorQueue                              0x20000000   Data           4  main.o(.data)
    motorQueue                               0x20000004   Data           4  main.o(.data)
    gpsQueue                                 0x20000008   Data           4  main.o(.data)
    defaultTaskHandle                        0x2000000c   Data           4  freertos.o(.data)
    uwTickFreq                               0x20000010   Data           1  stm32f4xx_hal.o(.data)
    uwTickPrio                               0x20000014   Data           4  stm32f4xx_hal.o(.data)
    uwTick                                   0x20000018   Data           4  stm32f4xx_hal.o(.data)
    SystemCoreClock                          0x2000001c   Data           4  system_stm32f4xx.o(.data)
    pxCurrentTCB                             0x20000020   Data           4  tasks.o(.data)
    FS_Desc                                  0x20000088   Data          28  usbd_desc.o(.data)
    USBD_LangIDDesc                          0x200000a4   Data           4  usbd_desc.o(.data)
    USBD_FS_DeviceDesc                       0x200000a8   Data          18  usbd_desc.o(.data)
    USBD_StringSerial                        0x200000bc   Data          26  usbd_desc.o(.data)
    rx_head                                  0x200000d6   Data           2  usbd_cdc_if.o(.data)
    rx_tail                                  0x200000d8   Data           2  usbd_cdc_if.o(.data)
    USBD_Interface_fops_FS                   0x200000dc   Data          20  usbd_cdc_if.o(.data)
    USBD_CDC                                 0x20000148   Data          56  usbd_cdc.o(.data)
    state_t                                  0x20000180   Data           2  globals.o(.data)
    __stdout                                 0x20000194   Data           4  stdout.o(.data)
    huart1                                   0x200003f0   Data          72  usart.o(.bss)
    htim2                                    0x20000438   Data          72  stm32f4xx_hal_timebase_tim.o(.bss)
    hUsbDeviceFS                             0x20004170   Data         732  usb_device.o(.bss)
    USBD_StrDesc                             0x2000444c   Data         512  usbd_desc.o(.bss)
    UserRxBufferFS                           0x2000464c   Data        2048  usbd_cdc_if.o(.bss)
    UserTxBufferFS                           0x20004e4c   Data        2048  usbd_cdc_if.o(.bss)
    rx_buf                                   0x2000564c   Data        2048  usbd_cdc_if.o(.bss)
    hpcd_USB_OTG_FS                          0x2000606c   Data        1252  usbd_conf.o(.bss)
    roll_c_t                                 0x20008e18   Data          40  attitude_control.o(.bss)
    pitch_c_t                                0x20008e40   Data          40  attitude_control.o(.bss)
    yaw_c_t                                  0x20008e68   Data          40  attitude_control.o(.bss)
    motor                                    0x20008e90   Data          16  globals.o(.bss)
    sensor_att_t                             0x20008ea0   Data          12  globals.o(.bss)
    sensor_pos_t                             0x20008eac   Data          12  globals.o(.bss)
    sensor                                   0x20008eb8   Data          72  globals.o(.bss)
    gps                                      0x20008f00   Data          39  globals.o(.bss)
    x_c_t                                    0x20008f28   Data          40  position_control.o(.bss)
    y_c_t                                    0x20008f50   Data          40  position_control.o(.bss)
    z_c_t                                    0x20008f78   Data          40  position_control.o(.bss)
    attitude_t                               0x20008fa0   Data          36  sensor.o(.bss)
    position_t                               0x20008fc4   Data          16  sensor.o(.bss)
    __initial_sp                             0x20009fd8   Data           0  startup_stm32f407xx.o(STACK)



==============================================================================

Memory Map of the image

  Image Entry point : 0x08000189

  Load Region LR_IROM1 (Base: 0x08000000, Size: 0x0000a680, Max: 0x00100000, ABSOLUTE, COMPRESSED[0x0000a5a4])

    Execution Region ER_IROM1 (Exec base: 0x08000000, Load base: 0x08000000, Size: 0x0000a4e4, Max: 0x00100000, ABSOLUTE)

    Exec Addr    Load Addr    Size         Type   Attr      Idx    E Section Name        Object

    0x08000000   0x08000000   0x00000188   Data   RO            3    RESET               startup_stm32f407xx.o
    0x08000188   0x08000188   0x00000000   Code   RO         7716  * .ARM.Collect$$$$00000000  mc_w.l(entry.o)
    0x08000188   0x08000188   0x00000004   Code   RO         8055    .ARM.Collect$$$$00000001  mc_w.l(entry2.o)
    0x0800018c   0x0800018c   0x00000004   Code   RO         8058    .ARM.Collect$$$$00000004  mc_w.l(entry5.o)
    0x08000190   0x08000190   0x00000000   Code   RO         8060    .ARM.Collect$$$$00000008  mc_w.l(entry7b.o)
    0x08000190   0x08000190   0x00000000   Code   RO         8062    .ARM.Collect$$$$0000000A  mc_w.l(entry8b.o)
    0x08000190   0x08000190   0x00000008   Code   RO         8063    .ARM.Collect$$$$0000000B  mc_w.l(entry9a.o)
    0x08000198   0x08000198   0x00000000   Code   RO         8065    .ARM.Collect$$$$0000000D  mc_w.l(entry10a.o)
    0x08000198   0x08000198   0x00000000   Code   RO         8067    .ARM.Collect$$$$0000000F  mc_w.l(entry11a.o)
    0x08000198   0x08000198   0x00000004   Code   RO         8056    .ARM.Collect$$$$00002712  mc_w.l(entry2.o)
    0x0800019c   0x0800019c   0x000000be   Code   RO         5599    .emb_text           port.o
    0x0800025a   0x0800025a   0x00000002   PAD
    0x0800025c   0x0800025c   0x00000024   Code   RO            4    .text               startup_stm32f407xx.o
    0x08000280   0x08000280   0x00000062   Code   RO         7719    .text               mc_w.l(uldiv.o)
    0x080002e2   0x080002e2   0x00000024   Code   RO         7721    .text               mc_w.l(memcpya.o)
    0x08000306   0x08000306   0x00000024   Code   RO         7725    .text               mc_w.l(memseta.o)
    0x0800032a   0x0800032a   0x0000001a   Code   RO         7727    .text               mc_w.l(memcmp.o)
    0x08000344   0x08000344   0x0000014e   Code   RO         7992    .text               mf_w.l(dadd.o)
    0x08000492   0x08000492   0x000000e4   Code   RO         7994    .text               mf_w.l(dmul.o)
    0x08000576   0x08000576   0x000000de   Code   RO         7996    .text               mf_w.l(ddiv.o)
    0x08000654   0x08000654   0x00000026   Code   RO         7998    .text               mf_w.l(f2d.o)
    0x0800067a   0x0800067a   0x00000038   Code   RO         8000    .text               mf_w.l(d2f.o)
    0x080006b2   0x080006b2   0x0000002c   Code   RO         8070    .text               mc_w.l(uidiv.o)
    0x080006de   0x080006de   0x0000001e   Code   RO         8072    .text               mc_w.l(llshl.o)
    0x080006fc   0x080006fc   0x00000020   Code   RO         8074    .text               mc_w.l(llushr.o)
    0x0800071c   0x0800071c   0x00000024   Code   RO         8076    .text               mc_w.l(llsshr.o)
    0x08000740   0x08000740   0x00000000   Code   RO         8085    .text               mc_w.l(iusefp.o)
    0x08000740   0x08000740   0x0000006e   Code   RO         8086    .text               mf_w.l(fepilogue.o)
    0x080007ae   0x080007ae   0x000000ba   Code   RO         8088    .text               mf_w.l(depilogue.o)
    0x08000868   0x08000868   0x0000002e   Code   RO         8092    .text               mf_w.l(dscalb.o)
    0x08000896   0x08000896   0x000000a2   Code   RO         8094    .text               mf_w.l(dsqrt.o)
    0x08000938   0x08000938   0x00000022   Code   RO         8096    .text               mf_w.l(dflti.o)
    0x0800095a   0x0800095a   0x00000030   Code   RO         8098    .text               mf_w.l(dfixul.o)
    0x0800098a   0x0800098a   0x00000002   PAD
    0x0800098c   0x0800098c   0x00000030   Code   RO         8102    .text               mf_w.l(cdrcmple.o)
    0x080009bc   0x080009bc   0x00000024   Code   RO         8104    .text               mc_w.l(init.o)
    0x080009e0   0x080009e0   0x0000001a   Code   RO         8106    .text               mf_w.l(dfltui.o)
    0x080009fa   0x080009fa   0x0000003e   Code   RO         8108    .text               mf_w.l(dfixi.o)
    0x08000a38   0x08000a38   0x00000056   Code   RO         8118    .text               mc_w.l(__dczerorl2.o)
    0x08000a8e   0x08000a8e   0x00000002   Code   RO         1134    i.BusFault_Handler  stm32f4xx_it.o
    0x08000a90   0x08000a90   0x00000004   Code   RO         5800    i.CDC_Control_FS    usbd_cdc_if.o
    0x08000a94   0x08000a94   0x00000004   Code   RO         5801    i.CDC_DeInit_FS     usbd_cdc_if.o
    0x08000a98   0x08000a98   0x00000024   Code   RO         5802    i.CDC_Init_FS       usbd_cdc_if.o
    0x08000abc   0x08000abc   0x0000004c   Code   RO         5803    i.CDC_Receive_FS    usbd_cdc_if.o
    0x08000b08   0x08000b08   0x00000004   Code   RO         5804    i.CDC_TransmitCplt_FS  usbd_cdc_if.o
    0x08000b0c   0x08000b0c   0x0000002c   Code   RO         5805    i.CDC_Transmit_FS   usbd_cdc_if.o
    0x08000b38   0x08000b38   0x00000002   Code   RO         1135    i.DebugMon_Handler  stm32f4xx_it.o
    0x08000b3a   0x08000b3a   0x00000004   Code   RO           13    i.Error_Handler     main.o
    0x08000b3e   0x08000b3e   0x00000002   PAD
    0x08000b40   0x08000b40   0x000000cc   Code   RO         6492    i.FlightControlTask  mytask.o
    0x08000c0c   0x08000c0c   0x00000092   Code   RO         3293    i.HAL_DMA_Abort     stm32f4xx_hal_dma.o
    0x08000c9e   0x08000c9e   0x00000024   Code   RO         3294    i.HAL_DMA_Abort_IT  stm32f4xx_hal_dma.o
    0x08000cc2   0x08000cc2   0x00000002   PAD
    0x08000cc4   0x08000cc4   0x00000024   Code   RO         3730    i.HAL_Delay         stm32f4xx_hal.o
    0x08000ce8   0x08000ce8   0x000001f0   Code   RO         3186    i.HAL_GPIO_Init     stm32f4xx_hal_gpio.o
    0x08000ed8   0x08000ed8   0x0000000c   Code   RO         3736    i.HAL_GetTick       stm32f4xx_hal.o
    0x08000ee4   0x08000ee4   0x00000010   Code   RO         3742    i.HAL_IncTick       stm32f4xx_hal.o
    0x08000ef4   0x08000ef4   0x00000034   Code   RO         3743    i.HAL_Init          stm32f4xx_hal.o
    0x08000f28   0x08000f28   0x00000098   Code   RO         1234    i.HAL_InitTick      stm32f4xx_hal_timebase_tim.o
    0x08000fc0   0x08000fc0   0x00000038   Code   RO         1210    i.HAL_MspInit       stm32f4xx_hal_msp.o
    0x08000ff8   0x08000ff8   0x0000001a   Code   RO         3578    i.HAL_NVIC_EnableIRQ  stm32f4xx_hal_cortex.o
    0x08001012   0x08001012   0x00000002   PAD
    0x08001014   0x08001014   0x00000040   Code   RO         3584    i.HAL_NVIC_SetPriority  stm32f4xx_hal_cortex.o
    0x08001054   0x08001054   0x00000024   Code   RO         3585    i.HAL_NVIC_SetPriorityGrouping  stm32f4xx_hal_cortex.o
    0x08001078   0x08001078   0x00000002   Code   RO         2485    i.HAL_PCDEx_LPM_Callback  stm32f4xx_hal_pcd_ex.o
    0x0800107a   0x0800107a   0x00000008   Code   RO         2486    i.HAL_PCDEx_SetRxFiFo  stm32f4xx_hal_pcd_ex.o
    0x08001082   0x08001082   0x00000044   Code   RO         2487    i.HAL_PCDEx_SetTxFiFo  stm32f4xx_hal_pcd_ex.o
    0x080010c6   0x080010c6   0x00000008   Code   RO         5862    i.HAL_PCD_ConnectCallback  usbd_conf.o
    0x080010ce   0x080010ce   0x00000012   Code   RO         5863    i.HAL_PCD_DataInStageCallback  usbd_conf.o
    0x080010e0   0x080010e0   0x00000014   Code   RO         5864    i.HAL_PCD_DataOutStageCallback  usbd_conf.o
    0x080010f4   0x080010f4   0x00000008   Code   RO         5865    i.HAL_PCD_DisconnectCallback  usbd_conf.o
    0x080010fc   0x080010fc   0x0000001e   Code   RO         2255    i.HAL_PCD_EP_Abort  stm32f4xx_hal_pcd.o
    0x0800111a   0x0800111a   0x0000004a   Code   RO         2256    i.HAL_PCD_EP_Close  stm32f4xx_hal_pcd.o
    0x08001164   0x08001164   0x0000005a   Code   RO         2257    i.HAL_PCD_EP_ClrStall  stm32f4xx_hal_pcd.o
    0x080011be   0x080011be   0x00000012   Code   RO         2259    i.HAL_PCD_EP_GetRxCount  stm32f4xx_hal_pcd.o
    0x080011d0   0x080011d0   0x00000062   Code   RO         2260    i.HAL_PCD_EP_Open   stm32f4xx_hal_pcd.o
    0x08001232   0x08001232   0x00000038   Code   RO         2261    i.HAL_PCD_EP_Receive  stm32f4xx_hal_pcd.o
    0x0800126a   0x0800126a   0x00000072   Code   RO         2262    i.HAL_PCD_EP_SetStall  stm32f4xx_hal_pcd.o
    0x080012dc   0x080012dc   0x00000032   Code   RO         2263    i.HAL_PCD_EP_Transmit  stm32f4xx_hal_pcd.o
    0x0800130e   0x0800130e   0x00000002   PAD
    0x08001310   0x08001310   0x0000055c   Code   RO         2265    i.HAL_PCD_IRQHandler  stm32f4xx_hal_pcd.o
    0x0800186c   0x0800186c   0x00000008   Code   RO         5866    i.HAL_PCD_ISOINIncompleteCallback  usbd_conf.o
    0x08001874   0x08001874   0x00000008   Code   RO         5867    i.HAL_PCD_ISOOUTIncompleteCallback  usbd_conf.o
    0x0800187c   0x0800187c   0x000000cc   Code   RO         2268    i.HAL_PCD_Init      stm32f4xx_hal_pcd.o
    0x08001948   0x08001948   0x00000084   Code   RO         5869    i.HAL_PCD_MspInit   usbd_conf.o
    0x080019cc   0x080019cc   0x0000002c   Code   RO         5870    i.HAL_PCD_ResetCallback  usbd_conf.o
    0x080019f8   0x080019f8   0x00000008   Code   RO         5871    i.HAL_PCD_ResumeCallback  usbd_conf.o
    0x08001a00   0x08001a00   0x00000008   Code   RO         5872    i.HAL_PCD_SOFCallback  usbd_conf.o
    0x08001a08   0x08001a08   0x00000026   Code   RO         2274    i.HAL_PCD_SetAddress  stm32f4xx_hal_pcd.o
    0x08001a2e   0x08001a2e   0x0000000e   Code   RO         5873    i.HAL_PCD_SetupStageCallback  usbd_conf.o
    0x08001a3c   0x08001a3c   0x00000042   Code   RO         2277    i.HAL_PCD_Start     stm32f4xx_hal_pcd.o
    0x08001a7e   0x08001a7e   0x00000002   PAD
    0x08001a80   0x08001a80   0x00000030   Code   RO         5874    i.HAL_PCD_SuspendCallback  usbd_conf.o
    0x08001ab0   0x08001ab0   0x00000134   Code   RO         2832    i.HAL_RCC_ClockConfig  stm32f4xx_hal_rcc.o
    0x08001be4   0x08001be4   0x00000040   Code   RO         2836    i.HAL_RCC_GetClockConfig  stm32f4xx_hal_rcc.o
    0x08001c24   0x08001c24   0x0000000c   Code   RO         2837    i.HAL_RCC_GetHCLKFreq  stm32f4xx_hal_rcc.o
    0x08001c30   0x08001c30   0x00000020   Code   RO         2839    i.HAL_RCC_GetPCLK1Freq  stm32f4xx_hal_rcc.o
    0x08001c50   0x08001c50   0x00000020   Code   RO         2840    i.HAL_RCC_GetPCLK2Freq  stm32f4xx_hal_rcc.o
    0x08001c70   0x08001c70   0x00000060   Code   RO         2841    i.HAL_RCC_GetSysClockFreq  stm32f4xx_hal_rcc.o
    0x08001cd0   0x08001cd0   0x0000036c   Code   RO         2844    i.HAL_RCC_OscConfig  stm32f4xx_hal_rcc.o
    0x0800203c   0x0800203c   0x00000002   Code   RO         1979    i.HAL_TIMEx_BreakCallback  stm32f4xx_hal_tim_ex.o
    0x0800203e   0x0800203e   0x00000002   Code   RO         1980    i.HAL_TIMEx_CommutCallback  stm32f4xx_hal_tim_ex.o
    0x08002040   0x08002040   0x0000005a   Code   RO         1275    i.HAL_TIM_Base_Init  stm32f4xx_hal_tim.o
    0x0800209a   0x0800209a   0x00000002   Code   RO         1277    i.HAL_TIM_Base_MspInit  stm32f4xx_hal_tim.o
    0x0800209c   0x0800209c   0x00000080   Code   RO         1280    i.HAL_TIM_Base_Start_IT  stm32f4xx_hal_tim.o
    0x0800211c   0x0800211c   0x00000002   Code   RO         1309    i.HAL_TIM_IC_CaptureCallback  stm32f4xx_hal_tim.o
    0x0800211e   0x0800211e   0x00000130   Code   RO         1323    i.HAL_TIM_IRQHandler  stm32f4xx_hal_tim.o
    0x0800224e   0x0800224e   0x00000002   Code   RO         1326    i.HAL_TIM_OC_DelayElapsedCallback  stm32f4xx_hal_tim.o
    0x08002250   0x08002250   0x00000002   Code   RO         1353    i.HAL_TIM_PWM_PulseFinishedCallback  stm32f4xx_hal_tim.o
    0x08002252   0x08002252   0x0000000e   Code   RO           14    i.HAL_TIM_PeriodElapsedCallback  main.o
    0x08002260   0x08002260   0x00000002   Code   RO         1366    i.HAL_TIM_TriggerCallback  stm32f4xx_hal_tim.o
    0x08002262   0x08002262   0x00000002   Code   RO         3993    i.HAL_UARTEx_RxEventCallback  stm32f4xx_hal_uart.o
    0x08002264   0x08002264   0x00000002   Code   RO         4007    i.HAL_UART_ErrorCallback  stm32f4xx_hal_uart.o
    0x08002266   0x08002266   0x00000002   PAD
    0x08002268   0x08002268   0x00000280   Code   RO         4010    i.HAL_UART_IRQHandler  stm32f4xx_hal_uart.o
    0x080024e8   0x080024e8   0x00000064   Code   RO         4011    i.HAL_UART_Init     stm32f4xx_hal_uart.o
    0x0800254c   0x0800254c   0x0000007c   Code   RO         1093    i.HAL_UART_MspInit  usart.o
    0x080025c8   0x080025c8   0x00000002   Code   RO         4017    i.HAL_UART_RxCpltCallback  stm32f4xx_hal_uart.o
    0x080025ca   0x080025ca   0x000000a0   Code   RO         4019    i.HAL_UART_Transmit  stm32f4xx_hal_uart.o
    0x0800266a   0x0800266a   0x00000002   Code   RO         4022    i.HAL_UART_TxCpltCallback  stm32f4xx_hal_uart.o
    0x0800266c   0x0800266c   0x00000002   Code   RO         1136    i.HardFault_Handler  stm32f4xx_it.o
    0x0800266e   0x0800266e   0x00000002   PAD
    0x08002670   0x08002670   0x00000038   Code   RO         5714    i.IntToUnicode      usbd_desc.o
    0x080026a8   0x080026a8   0x00000028   Code   RO         1039    i.MX_FREERTOS_Init  freertos.o
    0x080026d0   0x080026d0   0x0000002c   Code   RO         1015    i.MX_GPIO_Init      gpio.o
    0x080026fc   0x080026fc   0x00000038   Code   RO         1094    i.MX_USART1_UART_Init  usart.o
    0x08002734   0x08002734   0x00000054   Code   RO         5679    i.MX_USB_DEVICE_Init  usb_device.o
    0x08002788   0x08002788   0x00000002   Code   RO         1137    i.MemManage_Handler  stm32f4xx_it.o
    0x0800278a   0x0800278a   0x00000002   PAD
    0x0800278c   0x0800278c   0x000000ec   Code   RO         6493    i.MyTask_Init       mytask.o
    0x08002878   0x08002878   0x00000002   Code   RO         1138    i.NMI_Handler       stm32f4xx_it.o
    0x0800287a   0x0800287a   0x00000002   PAD
    0x0800287c   0x0800287c   0x0000000c   Code   RO         1139    i.OTG_FS_IRQHandler  stm32f4xx_it.o
    0x08002888   0x08002888   0x000000cc   Code   RO         2281    i.PCD_EP_OutXfrComplete_int  stm32f4xx_hal_pcd.o
    0x08002954   0x08002954   0x000000a2   Code   RO         2282    i.PCD_WriteEmptyTxFifo  stm32f4xx_hal_pcd.o
    0x080029f6   0x080029f6   0x0000000a   Code   RO         6236    i.SWAPBYTE          usbd_ctlreq.o
    0x08002a00   0x08002a00   0x000000b8   Code   RO         6494    i.SendActuatorTask  mytask.o
    0x08002ab8   0x08002ab8   0x00000104   Code   RO         6495    i.StartCDCReceiveTask  mytask.o
    0x08002bbc   0x08002bbc   0x00000008   Code   RO         1040    i.StartDefaultTask  freertos.o
    0x08002bc4   0x08002bc4   0x0000002c   Code   RO         5600    i.SysTick_Handler   port.o
    0x08002bf0   0x08002bf0   0x00000090   Code   RO           15    i.SystemClock_Config  main.o
    0x08002c80   0x08002c80   0x00000010   Code   RO         4345    i.SystemInit        system_stm32f4xx.o
    0x08002c90   0x08002c90   0x0000000c   Code   RO         1140    i.TIM2_IRQHandler   stm32f4xx_it.o
    0x08002c9c   0x08002c9c   0x000000d0   Code   RO         1368    i.TIM_Base_SetConfig  stm32f4xx_hal_tim.o
    0x08002d6c   0x08002d6c   0x0000000e   Code   RO         4024    i.UART_DMAAbortOnError  stm32f4xx_hal_uart.o
    0x08002d7a   0x08002d7a   0x0000004e   Code   RO         4034    i.UART_EndRxTransfer  stm32f4xx_hal_uart.o
    0x08002dc8   0x08002dc8   0x000000c2   Code   RO         4036    i.UART_Receive_IT   stm32f4xx_hal_uart.o
    0x08002e8a   0x08002e8a   0x00000002   PAD
    0x08002e8c   0x08002e8c   0x0000010c   Code   RO         4037    i.UART_SetConfig    stm32f4xx_hal_uart.o
    0x08002f98   0x08002f98   0x00000072   Code   RO         4040    i.UART_WaitOnFlagUntilTimeout  stm32f4xx_hal_uart.o
    0x0800300a   0x0800300a   0x00000002   PAD
    0x0800300c   0x0800300c   0x0000000c   Code   RO         1141    i.USART1_IRQHandler  stm32f4xx_it.o
    0x08003018   0x08003018   0x00000076   Code   RO         6382    i.USBD_CDC_DataIn   usbd_cdc.o
    0x0800308e   0x0800308e   0x0000003c   Code   RO         6383    i.USBD_CDC_DataOut  usbd_cdc.o
    0x080030ca   0x080030ca   0x00000002   PAD
    0x080030cc   0x080030cc   0x00000094   Code   RO         6384    i.USBD_CDC_DeInit   usbd_cdc.o
    0x08003160   0x08003160   0x00000036   Code   RO         6385    i.USBD_CDC_EP0_RxReady  usbd_cdc.o
    0x08003196   0x08003196   0x00000002   PAD
    0x08003198   0x08003198   0x0000000c   Code   RO         6386    i.USBD_CDC_GetDeviceQualifierDescriptor  usbd_cdc.o
    0x080031a4   0x080031a4   0x0000003c   Code   RO         6387    i.USBD_CDC_GetFSCfgDesc  usbd_cdc.o
    0x080031e0   0x080031e0   0x00000040   Code   RO         6388    i.USBD_CDC_GetHSCfgDesc  usbd_cdc.o
    0x08003220   0x08003220   0x0000003c   Code   RO         6389    i.USBD_CDC_GetOtherSpeedCfgDesc  usbd_cdc.o
    0x0800325c   0x0800325c   0x00000120   Code   RO         6390    i.USBD_CDC_Init     usbd_cdc.o
    0x0800337c   0x0800337c   0x00000038   Code   RO         6391    i.USBD_CDC_ReceivePacket  usbd_cdc.o
    0x080033b4   0x080033b4   0x00000016   Code   RO         6392    i.USBD_CDC_RegisterInterface  usbd_cdc.o
    0x080033ca   0x080033ca   0x0000001a   Code   RO         6393    i.USBD_CDC_SetRxBuffer  usbd_cdc.o
    0x080033e4   0x080033e4   0x0000001e   Code   RO         6394    i.USBD_CDC_SetTxBuffer  usbd_cdc.o
    0x08003402   0x08003402   0x000000d4   Code   RO         6395    i.USBD_CDC_Setup    usbd_cdc.o
    0x080034d6   0x080034d6   0x00000002   PAD
    0x080034d8   0x080034d8   0x00000050   Code   RO         6396    i.USBD_CDC_TransmitPacket  usbd_cdc.o
    0x08003528   0x08003528   0x00000014   Code   RO         6073    i.USBD_ClrClassConfig  usbd_core.o
    0x0800353c   0x0800353c   0x00000004   Code   RO         6074    i.USBD_CoreFindEP   usbd_core.o
    0x08003540   0x08003540   0x00000004   Code   RO         6075    i.USBD_CoreFindIF   usbd_core.o
    0x08003544   0x08003544   0x00000010   Code   RO         6318    i.USBD_CtlContinueRx  usbd_ioreq.o
    0x08003554   0x08003554   0x00000010   Code   RO         6319    i.USBD_CtlContinueSendData  usbd_ioreq.o
    0x08003564   0x08003564   0x00000016   Code   RO         6237    i.USBD_CtlError     usbd_ctlreq.o
    0x0800357a   0x0800357a   0x00000022   Code   RO         6320    i.USBD_CtlPrepareRx  usbd_ioreq.o
    0x0800359c   0x0800359c   0x00000016   Code   RO         6321    i.USBD_CtlReceiveStatus  usbd_ioreq.o
    0x080035b2   0x080035b2   0x0000001c   Code   RO         6322    i.USBD_CtlSendData  usbd_ioreq.o
    0x080035ce   0x080035ce   0x00000016   Code   RO         6323    i.USBD_CtlSendStatus  usbd_ioreq.o
    0x080035e4   0x080035e4   0x00000020   Code   RO         5715    i.USBD_FS_ConfigStrDescriptor  usbd_desc.o
    0x08003604   0x08003604   0x0000000c   Code   RO         5716    i.USBD_FS_DeviceDescriptor  usbd_desc.o
    0x08003610   0x08003610   0x00000024   Code   RO         5717    i.USBD_FS_InterfaceStrDescriptor  usbd_desc.o
    0x08003634   0x08003634   0x0000000c   Code   RO         5718    i.USBD_FS_LangIDStrDescriptor  usbd_desc.o
    0x08003640   0x08003640   0x00000028   Code   RO         5719    i.USBD_FS_ManufacturerStrDescriptor  usbd_desc.o
    0x08003668   0x08003668   0x0000002c   Code   RO         5720    i.USBD_FS_ProductStrDescriptor  usbd_desc.o
    0x08003694   0x08003694   0x00000038   Code   RO         5721    i.USBD_FS_SerialStrDescriptor  usbd_desc.o
    0x080036cc   0x080036cc   0x000000e6   Code   RO         6238    i.USBD_GetDescriptor  usbd_ctlreq.o
    0x080037b2   0x080037b2   0x0000003a   Code   RO         6077    i.USBD_GetEpDesc    usbd_core.o
    0x080037ec   0x080037ec   0x00000014   Code   RO         6239    i.USBD_GetLen       usbd_ctlreq.o
    0x08003800   0x08003800   0x0000000e   Code   RO         6078    i.USBD_GetNextDesc  usbd_core.o
    0x0800380e   0x0800380e   0x0000004e   Code   RO         6240    i.USBD_GetString    usbd_ctlreq.o
    0x0800385c   0x0800385c   0x00000018   Code   RO         5875    i.USBD_Get_USB_Status  usbd_conf.o
    0x08003874   0x08003874   0x00000026   Code   RO         6079    i.USBD_Init         usbd_core.o
    0x0800389a   0x0800389a   0x00000012   Code   RO         5876    i.USBD_LL_ClearStallEP  usbd_conf.o
    0x080038ac   0x080038ac   0x00000012   Code   RO         5877    i.USBD_LL_CloseEP   usbd_conf.o
    0x080038be   0x080038be   0x000000b8   Code   RO         6080    i.USBD_LL_DataInStage  usbd_core.o
    0x08003976   0x08003976   0x00000094   Code   RO         6081    i.USBD_LL_DataOutStage  usbd_core.o
    0x08003a0a   0x08003a0a   0x00000004   Code   RO         6082    i.USBD_LL_DevConnected  usbd_core.o
    0x08003a0e   0x08003a0e   0x0000001e   Code   RO         6083    i.USBD_LL_DevDisconnected  usbd_core.o
    0x08003a2c   0x08003a2c   0x00000008   Code   RO         5881    i.USBD_LL_GetRxDataSize  usbd_conf.o
    0x08003a34   0x08003a34   0x00000060   Code   RO         5882    i.USBD_LL_Init      usbd_conf.o
    0x08003a94   0x08003a94   0x0000001e   Code   RO         5883    i.USBD_LL_IsStallEP  usbd_conf.o
    0x08003ab2   0x08003ab2   0x00000028   Code   RO         6084    i.USBD_LL_IsoINIncomplete  usbd_core.o
    0x08003ada   0x08003ada   0x00000028   Code   RO         6085    i.USBD_LL_IsoOUTIncomplete  usbd_core.o
    0x08003b02   0x08003b02   0x00000018   Code   RO         5884    i.USBD_LL_OpenEP    usbd_conf.o
    0x08003b1a   0x08003b1a   0x00000012   Code   RO         5885    i.USBD_LL_PrepareReceive  usbd_conf.o
    0x08003b2c   0x08003b2c   0x0000005e   Code   RO         6086    i.USBD_LL_Reset     usbd_core.o
    0x08003b8a   0x08003b8a   0x00000014   Code   RO         6087    i.USBD_LL_Resume    usbd_core.o
    0x08003b9e   0x08003b9e   0x0000001a   Code   RO         6088    i.USBD_LL_SOF       usbd_core.o
    0x08003bb8   0x08003bb8   0x00000006   Code   RO         6089    i.USBD_LL_SetSpeed  usbd_core.o
    0x08003bbe   0x08003bbe   0x00000012   Code   RO         5886    i.USBD_LL_SetUSBAddress  usbd_conf.o
    0x08003bd0   0x08003bd0   0x00000060   Code   RO         6090    i.USBD_LL_SetupStage  usbd_core.o
    0x08003c30   0x08003c30   0x00000012   Code   RO         5887    i.USBD_LL_StallEP   usbd_conf.o
    0x08003c42   0x08003c42   0x00000012   Code   RO         5888    i.USBD_LL_Start     usbd_conf.o
    0x08003c54   0x08003c54   0x0000001a   Code   RO         6091    i.USBD_LL_Suspend   usbd_core.o
    0x08003c6e   0x08003c6e   0x00000012   Code   RO         5890    i.USBD_LL_Transmit  usbd_conf.o
    0x08003c80   0x08003c80   0x0000002c   Code   RO         6241    i.USBD_ParseSetupRequest  usbd_ctlreq.o
    0x08003cac   0x08003cac   0x0000003a   Code   RO         6092    i.USBD_RegisterClass  usbd_core.o
    0x08003ce6   0x08003ce6   0x00000014   Code   RO         6094    i.USBD_SetClassConfig  usbd_core.o
    0x08003cfa   0x08003cfa   0x00000002   PAD
    0x08003cfc   0x08003cfc   0x000000b8   Code   RO         6242    i.USBD_SetConfig    usbd_ctlreq.o
    0x08003db4   0x08003db4   0x00000004   Code   RO         6095    i.USBD_Start        usbd_core.o
    0x08003db8   0x08003db8   0x0000012c   Code   RO         6243    i.USBD_StdDevReq    usbd_ctlreq.o
    0x08003ee4   0x08003ee4   0x00000166   Code   RO         6244    i.USBD_StdEPReq     usbd_ctlreq.o
    0x0800404a   0x0800404a   0x00000072   Code   RO         6245    i.USBD_StdItfReq    usbd_ctlreq.o
    0x080040bc   0x080040bc   0x00000002   Code   RO         5891    i.USBD_static_free  usbd_conf.o
    0x080040be   0x080040be   0x00000002   PAD
    0x080040c0   0x080040c0   0x00000008   Code   RO         5892    i.USBD_static_malloc  usbd_conf.o
    0x080040c8   0x080040c8   0x00000080   Code   RO         2527    i.USB_ActivateEndpoint  stm32f4xx_ll_usb.o
    0x08004148   0x08004148   0x0000001c   Code   RO         2529    i.USB_ActivateSetup  stm32f4xx_ll_usb.o
    0x08004164   0x08004164   0x00000084   Code   RO         2531    i.USB_CoreInit      stm32f4xx_ll_usb.o
    0x080041e8   0x080041e8   0x00000044   Code   RO         2532    i.USB_CoreReset     stm32f4xx_ll_usb.o
    0x0800422c   0x0800422c   0x000000cc   Code   RO         2535    i.USB_DeactivateEndpoint  stm32f4xx_ll_usb.o
    0x080042f8   0x080042f8   0x0000001c   Code   RO         2536    i.USB_DevConnect    stm32f4xx_ll_usb.o
    0x08004314   0x08004314   0x0000001c   Code   RO         2537    i.USB_DevDisconnect  stm32f4xx_ll_usb.o
    0x08004330   0x08004330   0x0000017c   Code   RO         2538    i.USB_DevInit       stm32f4xx_ll_usb.o
    0x080044ac   0x080044ac   0x0000000c   Code   RO         2539    i.USB_DisableGlobalInt  stm32f4xx_ll_usb.o
    0x080044b8   0x080044b8   0x00000058   Code   RO         2542    i.USB_EP0_OutStart  stm32f4xx_ll_usb.o
    0x08004510   0x08004510   0x00000058   Code   RO         2543    i.USB_EPClearStall  stm32f4xx_ll_usb.o
    0x08004568   0x08004568   0x00000058   Code   RO         2544    i.USB_EPSetStall    stm32f4xx_ll_usb.o
    0x080045c0   0x080045c0   0x00000238   Code   RO         2545    i.USB_EPStartXfer   stm32f4xx_ll_usb.o
    0x080047f8   0x080047f8   0x0000009e   Code   RO         2546    i.USB_EPStopXfer    stm32f4xx_ll_usb.o
    0x08004896   0x08004896   0x0000000c   Code   RO         2547    i.USB_EnableGlobalInt  stm32f4xx_ll_usb.o
    0x080048a2   0x080048a2   0x00000038   Code   RO         2548    i.USB_FlushRxFifo   stm32f4xx_ll_usb.o
    0x080048da   0x080048da   0x0000003c   Code   RO         2549    i.USB_FlushTxFifo   stm32f4xx_ll_usb.o
    0x08004916   0x08004916   0x0000001a   Code   RO         2551    i.USB_GetDevSpeed   stm32f4xx_ll_usb.o
    0x08004930   0x08004930   0x00000008   Code   RO         2553    i.USB_GetMode       stm32f4xx_ll_usb.o
    0x08004938   0x08004938   0x0000000e   Code   RO         2561    i.USB_ReadDevAllInEpInterrupt  stm32f4xx_ll_usb.o
    0x08004946   0x08004946   0x0000000e   Code   RO         2562    i.USB_ReadDevAllOutEpInterrupt  stm32f4xx_ll_usb.o
    0x08004954   0x08004954   0x00000024   Code   RO         2563    i.USB_ReadDevInEPInterrupt  stm32f4xx_ll_usb.o
    0x08004978   0x08004978   0x00000010   Code   RO         2564    i.USB_ReadDevOutEPInterrupt  stm32f4xx_ll_usb.o
    0x08004988   0x08004988   0x00000008   Code   RO         2565    i.USB_ReadInterrupts  stm32f4xx_ll_usb.o
    0x08004990   0x08004990   0x0000003e   Code   RO         2566    i.USB_ReadPacket    stm32f4xx_ll_usb.o
    0x080049ce   0x080049ce   0x0000005c   Code   RO         2568    i.USB_SetCurrentMode  stm32f4xx_ll_usb.o
    0x08004a2a   0x08004a2a   0x00000022   Code   RO         2569    i.USB_SetDevAddress  stm32f4xx_ll_usb.o
    0x08004a4c   0x08004a4c   0x000000e8   Code   RO         2571    i.USB_SetTurnaroundTime  stm32f4xx_ll_usb.o
    0x08004b34   0x08004b34   0x00000028   Code   RO         2574    i.USB_WritePacket   stm32f4xx_ll_usb.o
    0x08004b5c   0x08004b5c   0x00000002   Code   RO         1142    i.UsageFault_Handler  stm32f4xx_it.o
    0x08004b5e   0x08004b5e   0x00000002   PAD
    0x08004b60   0x08004b60   0x00000020   Code   RO         7964    i.__0printf         mc_w.l(printfa.o)
    0x08004b80   0x08004b80   0x00000030   Code   RO         8039    i.__ARM_fpclassify  m_wm.l(fpclassify.o)
    0x08004bb0   0x08004bb0   0x00000020   Code   RO         3591    i.__NVIC_SetPriority  stm32f4xx_hal_cortex.o
    0x08004bd0   0x08004bd0   0x000002d8   Code   RO         8002    i.__hardfp_atan     m_wm.l(atan.o)
    0x08004ea8   0x08004ea8   0x000001f0   Code   RO         7654    i.__hardfp_atan2    m_wm.l(atan2.o)
    0x08005098   0x08005098   0x000000c8   Code   RO         7666    i.__hardfp_cos      m_wm.l(cos.o)
    0x08005160   0x08005160   0x00000c50   Code   RO         7678    i.__hardfp_pow      m_wm.l(pow.o)
    0x08005db0   0x08005db0   0x000000c8   Code   RO         7692    i.__hardfp_sin      m_wm.l(sin.o)
    0x08005e78   0x08005e78   0x0000007a   Code   RO         7704    i.__hardfp_sqrt     m_wm.l(sqrt.o)
    0x08005ef2   0x08005ef2   0x00000006   PAD
    0x08005ef8   0x08005ef8   0x00000438   Code   RO         8044    i.__ieee754_rem_pio2  m_wm.l(rred.o)
    0x08006330   0x08006330   0x00000170   Code   RO         8016    i.__kernel_cos      m_wm.l(cos_i.o)
    0x080064a0   0x080064a0   0x000000f8   Code   RO         8041    i.__kernel_poly     m_wm.l(poly.o)
    0x08006598   0x08006598   0x00000130   Code   RO         8049    i.__kernel_sin      m_wm.l(sin_i.o)
    0x080066c8   0x080066c8   0x00000030   Code   RO         8019    i.__mathlib_dbl_divzero  m_wm.l(dunder.o)
    0x080066f8   0x080066f8   0x00000014   Code   RO         8020    i.__mathlib_dbl_infnan  m_wm.l(dunder.o)
    0x0800670c   0x0800670c   0x00000014   Code   RO         8021    i.__mathlib_dbl_infnan2  m_wm.l(dunder.o)
    0x08006720   0x08006720   0x00000020   Code   RO         8022    i.__mathlib_dbl_invalid  m_wm.l(dunder.o)
    0x08006740   0x08006740   0x00000020   Code   RO         8023    i.__mathlib_dbl_overflow  m_wm.l(dunder.o)
    0x08006760   0x08006760   0x00000020   Code   RO         8025    i.__mathlib_dbl_underflow  m_wm.l(dunder.o)
    0x08006780   0x08006780   0x0000000e   Code   RO         8112    i.__scatterload_copy  mc_w.l(handlers.o)
    0x0800678e   0x0800678e   0x00000002   Code   RO         8113    i.__scatterload_null  mc_w.l(handlers.o)
    0x08006790   0x08006790   0x0000000e   Code   RO         8114    i.__scatterload_zeroinit  mc_w.l(handlers.o)
    0x0800679e   0x0800679e   0x00000002   PAD
    0x080067a0   0x080067a0   0x0000000c   Code   RO         8080    i.__set_errno       mc_w.l(errno.o)
    0x080067ac   0x080067ac   0x00000184   Code   RO         7971    i._fp_digits        mc_w.l(printfa.o)
    0x08006930   0x08006930   0x00000018   Code   RO         6496    i._mav_trim_payload  mytask.o
    0x08006948   0x08006948   0x000006dc   Code   RO         7972    i._printf_core      mc_w.l(printfa.o)
    0x08007024   0x08007024   0x00000024   Code   RO         7973    i._printf_post_padding  mc_w.l(printfa.o)
    0x08007048   0x08007048   0x0000002e   Code   RO         7974    i._printf_pre_padding  mc_w.l(printfa.o)
    0x08007076   0x08007076   0x00000010   Code   RO         8004    i.atan              m_wm.l(atan.o)
    0x08007086   0x08007086   0x00000002   PAD
    0x08007088   0x08007088   0x00000158   Code   RO         7531    i.attitude_control  attitude_control.o
    0x080071e0   0x080071e0   0x0000001c   Code   RO         6497    i.crc_accumulate    mytask.o
    0x080071fc   0x080071fc   0x00000018   Code   RO         8035    i.fabs              m_wm.l(fabs.o)
    0x08007214   0x08007214   0x00000018   Code   RO         6498    i.fputc             mytask.o
    0x0800722c   0x0800722c   0x00000034   Code   RO           16    i.main              main.o
    0x08007260   0x08007260   0x0000000c   Code   RO         5165    i.makeFreeRtosPriority  cmsis_os.o
    0x0800726c   0x0800726c   0x000001d8   Code   RO         6499    i.mavlink_finalize_message_buffer  mytask.o
    0x08007444   0x08007444   0x000002f8   Code   RO         6500    i.mavlink_frame_char_buffer  mytask.o
    0x0800773c   0x0800773c   0x000000be   Code   RO         6501    i.mavlink_msg_to_send_buffer  mytask.o
    0x080077fa   0x080077fa   0x00000002   PAD
    0x080077fc   0x080077fc   0x00000124   Code   RO         6502    i.mavlink_sha256_calc  mytask.o
    0x08007920   0x08007920   0x0000008c   Code   RO         6503    i.mavlink_sha256_final_48  mytask.o
    0x080079ac   0x080079ac   0x00000048   Code   RO         6504    i.mavlink_sha256_init  mytask.o
    0x080079f4   0x080079f4   0x0000007e   Code   RO         6505    i.mavlink_sha256_update  mytask.o
    0x08007a72   0x08007a72   0x00000002   PAD
    0x08007a74   0x08007a74   0x00000170   Code   RO         6506    i.mavlink_signature_check  mytask.o
    0x08007be4   0x08007be4   0x00000008   Code   RO         6507    i.mavlink_start_checksum  mytask.o
    0x08007bec   0x08007bec   0x0000001c   Code   RO         6508    i.mavlink_update_checksum  mytask.o
    0x08007c08   0x08007c08   0x00000080   Code   RO         7532    i.motor_velocity_output  attitude_control.o
    0x08007c88   0x08007c88   0x0000000e   Code   RO         5167    i.osDelay           cmsis_os.o
    0x08007c96   0x08007c96   0x0000000a   Code   RO         5170    i.osKernelStart     cmsis_os.o
    0x08007ca0   0x08007ca0   0x00000054   Code   RO         5204    i.osThreadCreate    cmsis_os.o
    0x08007cf4   0x08007cf4   0x00000378   Code   RO         7603    i.position_control  position_control.o
    0x0800806c   0x0800806c   0x00000070   Code   RO         4847    i.prvAddCurrentTaskToDelayedList  tasks.o
    0x080080dc   0x080080dc   0x000000d0   Code   RO         4848    i.prvAddNewTaskToReadyList  tasks.o
    0x080081ac   0x080081ac   0x00000026   Code   RO         4523    i.prvCopyDataFromQueue  queue.o
    0x080081d2   0x080081d2   0x0000006c   Code   RO         4524    i.prvCopyDataToQueue  queue.o
    0x0800823e   0x0800823e   0x00000034   Code   RO         4849    i.prvDeleteTCB      tasks.o
    0x08008272   0x08008272   0x00000002   PAD
    0x08008274   0x08008274   0x0000004c   Code   RO         5532    i.prvHeapInit       heap_4.o
    0x080082c0   0x080082c0   0x00000060   Code   RO         4850    i.prvIdleTask       tasks.o
    0x08008320   0x08008320   0x00000016   Code   RO         4526    i.prvInitialiseNewQueue  queue.o
    0x08008336   0x08008336   0x00000098   Code   RO         4851    i.prvInitialiseNewTask  tasks.o
    0x080083ce   0x080083ce   0x00000002   PAD
    0x080083d0   0x080083d0   0x0000004c   Code   RO         5533    i.prvInsertBlockIntoFreeList  heap_4.o
    0x0800841c   0x0800841c   0x0000001c   Code   RO         4527    i.prvIsQueueEmpty   queue.o
    0x08008438   0x08008438   0x00000020   Code   RO         4852    i.prvResetNextTaskUnblockTime  tasks.o
    0x08008458   0x08008458   0x00000028   Code   RO         5601    i.prvTaskExitError  port.o
    0x08008480   0x08008480   0x0000006a   Code   RO         4528    i.prvUnlockQueue    queue.o
    0x080084ea   0x080084ea   0x00000002   PAD
    0x080084ec   0x080084ec   0x000000dc   Code   RO         5534    i.pvPortMalloc      heap_4.o
    0x080085c8   0x080085c8   0x0000002c   Code   RO         5602    i.pxPortInitialiseStack  port.o
    0x080085f4   0x080085f4   0x00000178   Code   RO         7586    i.road_plan_circle  planning.o
    0x0800876c   0x0800876c   0x00000224   Code   RO         7626    i.sensor_attitude_data  sensor.o
    0x08008990   0x08008990   0x000000d8   Code   RO         7627    i.sensor_position_data  sensor.o
    0x08008a68   0x08008a68   0x0000006e   Code   RO         7706    i.sqrt              m_wm.l(sqrt.o)
    0x08008ad6   0x08008ad6   0x00000026   Code   RO         4483    i.uxListRemove      list.o
    0x08008afc   0x08008afc   0x00000014   Code   RO         1041    i.vApplicationGetIdleTaskMemory  freertos.o
    0x08008b10   0x08008b10   0x00000016   Code   RO         4484    i.vListInitialise   list.o
    0x08008b26   0x08008b26   0x00000006   Code   RO         4485    i.vListInitialiseItem  list.o
    0x08008b2c   0x08008b2c   0x00000030   Code   RO         4486    i.vListInsert       list.o
    0x08008b5c   0x08008b5c   0x00000018   Code   RO         4487    i.vListInsertEnd    list.o
    0x08008b74   0x08008b74   0x00000040   Code   RO         5604    i.vPortEnterCritical  port.o
    0x08008bb4   0x08008bb4   0x00000028   Code   RO         5605    i.vPortExitCritical  port.o
    0x08008bdc   0x08008bdc   0x00000064   Code   RO         5535    i.vPortFree         heap_4.o
    0x08008c40   0x08008c40   0x00000024   Code   RO         5606    i.vPortSetupTimerInterrupt  port.o
    0x08008c64   0x08008c64   0x0000004c   Code   RO         4861    i.vTaskDelay        tasks.o
    0x08008cb0   0x08008cb0   0x00000010   Code   RO         4864    i.vTaskInternalSetTimeOutState  tasks.o
    0x08008cc0   0x08008cc0   0x0000000c   Code   RO         4865    i.vTaskMissedYield  tasks.o
    0x08008ccc   0x08008ccc   0x00000030   Code   RO         4867    i.vTaskPlaceOnEventList  tasks.o
    0x08008cfc   0x08008cfc   0x0000006c   Code   RO         4874    i.vTaskStartScheduler  tasks.o
    0x08008d68   0x08008d68   0x00000010   Code   RO         4876    i.vTaskSuspendAll   tasks.o
    0x08008d78   0x08008d78   0x0000005c   Code   RO         4877    i.vTaskSwitchContext  tasks.o
    0x08008dd4   0x08008dd4   0x000000f4   Code   RO         5608    i.xPortStartScheduler  port.o
    0x08008ec8   0x08008ec8   0x00000066   Code   RO         4538    i.xQueueGenericCreateStatic  queue.o
    0x08008f2e   0x08008f2e   0x00000002   PAD
    0x08008f30   0x08008f30   0x00000088   Code   RO         4539    i.xQueueGenericReset  queue.o
    0x08008fb8   0x08008fb8   0x00000160   Code   RO         4540    i.xQueueGenericSend  queue.o
    0x08009118   0x08009118   0x00000138   Code   RO         4547    i.xQueueReceive     queue.o
    0x08009250   0x08009250   0x00000074   Code   RO         4879    i.xTaskCheckForTimeOut  tasks.o
    0x080092c4   0x080092c4   0x0000005a   Code   RO         4880    i.xTaskCreate       tasks.o
    0x0800931e   0x0800931e   0x00000056   Code   RO         4881    i.xTaskCreateStatic  tasks.o
    0x08009374   0x08009374   0x0000001c   Code   RO         4885    i.xTaskGetSchedulerState  tasks.o
    0x08009390   0x08009390   0x0000000c   Code   RO         4886    i.xTaskGetTickCount  tasks.o
    0x0800939c   0x0800939c   0x000000cc   Code   RO         4888    i.xTaskIncrementTick  tasks.o
    0x08009468   0x08009468   0x00000098   Code   RO         4891    i.xTaskPriorityDisinherit  tasks.o
    0x08009500   0x08009500   0x00000074   Code   RO         4893    i.xTaskRemoveFromEventList  tasks.o
    0x08009574   0x08009574   0x000000c4   Code   RO         4894    i.xTaskResumeAll    tasks.o
    0x08009638   0x08009638   0x0000001c   Data   RO         1043    .constdata          freertos.o
    0x08009654   0x08009654   0x00000010   Data   RO         4346    .constdata          system_stm32f4xx.o
    0x08009664   0x08009664   0x00000008   Data   RO         4347    .constdata          system_stm32f4xx.o
    0x0800966c   0x0800966c   0x00000bf8   Data   RO         6510    .constdata          mytask.o
    0x0800a264   0x0800a264   0x00000004   Data   RO         7567    .constdata          globals.o
    0x0800a268   0x0800a268   0x00000004   Data   RO         7568    .constdata          globals.o
    0x0800a26c   0x0800a26c   0x00000004   PAD
    0x0800a270   0x0800a270   0x00000088   Data   RO         7681    .constdata          m_wm.l(pow.o)
    0x0800a2f8   0x0800a2f8   0x00000098   Data   RO         8005    .constdata          m_wm.l(atan.o)
    0x0800a390   0x0800a390   0x00000030   Data   RO         8017    .constdata          m_wm.l(cos_i.o)
    0x0800a3c0   0x0800a3c0   0x00000008   Data   RO         8043    .constdata          m_wm.l(qnan.o)
    0x0800a3c8   0x0800a3c8   0x000000c8   Data   RO         8046    .constdata          m_wm.l(rred.o)
    0x0800a490   0x0800a490   0x00000028   Data   RO         8050    .constdata          m_wm.l(sin_i.o)
    0x0800a4b8   0x0800a4b8   0x0000000c   Data   RO         1044    .conststring        freertos.o
    0x0800a4c4   0x0800a4c4   0x00000020   Data   RO         8110    Region$$Table       anon$$obj.o


    Execution Region RW_IRAM1 (Exec base: 0x20000000, Load base: 0x0800a4e4, Size: 0x00009fd8, Max: 0x0001c000, ABSOLUTE, COMPRESSED[0x000000c0])

    Exec Addr    Load Addr    Size         Type   Attr      Idx    E Section Name        Object

    0x20000000   COMPRESSED   0x00000004   Data   RW           17    .data               main.o
    0x20000004   COMPRESSED   0x00000004   Data   RW           18    .data               main.o
    0x20000008   COMPRESSED   0x00000004   Data   RW           19    .data               main.o
    0x2000000c   COMPRESSED   0x00000004   Data   RW         1045    .data               freertos.o
    0x20000010   COMPRESSED   0x0000000c   Data   RW         3750    .data               stm32f4xx_hal.o
    0x2000001c   COMPRESSED   0x00000004   Data   RW         4348    .data               system_stm32f4xx.o
    0x20000020   COMPRESSED   0x0000003c   Data   RW         4897    .data               tasks.o
    0x2000005c   COMPRESSED   0x00000020   Data   RW         5541    .data               heap_4.o
    0x2000007c   COMPRESSED   0x0000000c   Data   RW         5609    .data               port.o
    0x20000088   COMPRESSED   0x0000001c   Data   RW         5723    .data               usbd_desc.o
    0x200000a4   COMPRESSED   0x00000032   Data   RW         5724    .data               usbd_desc.o
    0x200000d6   COMPRESSED   0x00000004   Data   RW         5807    .data               usbd_cdc_if.o
    0x200000da   COMPRESSED   0x00000002   PAD
    0x200000dc   COMPRESSED   0x00000014   Data   RW         5808    .data               usbd_cdc_if.o
    0x200000f0   COMPRESSED   0x00000001   Data   RW         6246    .data               usbd_ctlreq.o
    0x200000f1   COMPRESSED   0x00000003   PAD
    0x200000f4   COMPRESSED   0x00000053   Data   RW         6397    .data               usbd_cdc.o
    0x20000147   COMPRESSED   0x00000001   PAD
    0x20000148   COMPRESSED   0x00000038   Data   RW         6398    .data               usbd_cdc.o
    0x20000180   COMPRESSED   0x00000002   Data   RW         7569    .data               globals.o
    0x20000182   COMPRESSED   0x00000002   PAD
    0x20000184   COMPRESSED   0x00000004   Data   RW         7587    .data               planning.o
    0x20000188   COMPRESSED   0x0000000c   Data   RW         7605    .data               position_control.o
    0x20000194   COMPRESSED   0x00000004   Data   RW         8069    .data               mc_w.l(stdout.o)
    0x20000198   COMPRESSED   0x00000004   Data   RW         8081    .data               mc_w.l(errno.o)
    0x2000019c        -       0x00000254   Zero   RW         1042    .bss                freertos.o
    0x200003f0        -       0x00000048   Zero   RW         1095    .bss                usart.o
    0x20000438        -       0x00000048   Zero   RW         1237    .bss                stm32f4xx_hal_timebase_tim.o
    0x20000480        -       0x000000f0   Zero   RW         4896    .bss                tasks.o
    0x20000570        -       0x00003c00   Zero   RW         5540    .bss                heap_4.o
    0x20004170        -       0x000002dc   Zero   RW         5680    .bss                usb_device.o
    0x2000444c        -       0x00000200   Zero   RW         5722    .bss                usbd_desc.o
    0x2000464c        -       0x00001800   Zero   RW         5806    .bss                usbd_cdc_if.o
    0x20005e4c        -       0x00000704   Zero   RW         5893    .bss                usbd_conf.o
    0x20006550        -       0x000028c6   Zero   RW         6509    .bss                mytask.o
    0x20008e16   COMPRESSED   0x00000002   PAD
    0x20008e18        -       0x00000078   Zero   RW         7533    .bss                attitude_control.o
    0x20008e90        -       0x00000010   Zero   RW         7562    .bss                globals.o
    0x20008ea0        -       0x0000000c   Zero   RW         7563    .bss                globals.o
    0x20008eac        -       0x0000000c   Zero   RW         7564    .bss                globals.o
    0x20008eb8        -       0x00000048   Zero   RW         7565    .bss                globals.o
    0x20008f00        -       0x00000027   Zero   RW         7566    .bss                globals.o
    0x20008f27   COMPRESSED   0x00000001   PAD
    0x20008f28        -       0x00000078   Zero   RW         7604    .bss                position_control.o
    0x20008fa0        -       0x00000034   Zero   RW         7628    .bss                sensor.o
    0x20008fd4   COMPRESSED   0x00000004   PAD
    0x20008fd8        -       0x00001000   Zero   RW            1    STACK               startup_stm32f407xx.o


    Execution Region RW_IRAM2 (Exec base: 0x2001c000, Load base: 0x0800a5a4, Size: 0x00000000, Max: 0x00004000, ABSOLUTE)

    **** No section assigned to this execution region ****


==============================================================================

Image component sizes


      Code (inc. data)   RO Data    RW Data    ZI Data      Debug   Object Name

       472         86          0          0        120       2480   attitude_control.o
       120          0          0          0          0      23421   cmsis_os.o
         0          0          0          0          0      19940   event_groups.o
        68         14         40          4        596       7138   freertos.o
         0          0          8          2        151       1679   globals.o
        44          6          0          0          0        927   gpio.o
       472         24          0         32      15360       7539   heap_4.o
       138          0          0          0          0       3678   list.o
       214         12          0         12          0     753665   main.o
      3416        244       3064          0      10438      69289   mytask.o
       376         90          0          4          0       1531   planning.o
       702         72          0         12          0      11124   port.o
       888         96          0         12        120       2395   position_control.o
      1204         14          0          0          0      14005   queue.o
       764        110          0          0         52       2746   sensor.o
        36          8        392          0       4096        836   startup_stm32f407xx.o
       116         18          0         12          0       8854   stm32f4xx_hal.o
       158         14          0          0          0      33038   stm32f4xx_hal_cortex.o
       182          0          0          0          0       2223   stm32f4xx_hal_dma.o
       496         46          0          0          0       1660   stm32f4xx_hal_gpio.o
        56          4          0          0          0        994   stm32f4xx_hal_msp.o
      2576         12          0          0          0      13708   stm32f4xx_hal_pcd.o
        78          0          0          0          0       2533   stm32f4xx_hal_pcd_ex.o
      1420         88          0          0          0       6537   stm32f4xx_hal_rcc.o
       740         72          0          0          0       7648   stm32f4xx_hal_tim.o
         4          0          0          0          0       1761   stm32f4xx_hal_tim_ex.o
       152         18          0          0         72       1607   stm32f4xx_hal_timebase_tim.o
      1576         14          0          0          0      10676   stm32f4xx_hal_uart.o
        48         18          0          0          0       4203   stm32f4xx_it.o
      2708        116          0          0          0      23440   stm32f4xx_ll_usb.o
         0          0          0          0          0        384   stream_buffer.o
        16          4         24          4          0       1255   system_stm32f4xx.o
      2020        156          0         60        240      25822   tasks.o
       180         22          0          0         72       1854   usart.o
        84         18          0          0        732        812   usb_device.o
      1290         38          0        139          0      14557   usbd_cdc.o
       168         32          0         24       6144       4359   usbd_cdc_if.o
       642         24          0          0       1796      16976   usbd_conf.o
       934          0          0          0          0      15527   usbd_core.o
      1360         28          0          1          0      15556   usbd_ctlreq.o
       288        104          0         78        512       6321   usbd_desc.o
       138          0          0          0          0       4668   usbd_ioreq.o

    ----------------------------------------------------------------------
     26392       1622       3564        404      40508    1149366   Object Totals
         0          0         32          0          0          0   (incl. Generated)
        48          0          4          8          7          0   (incl. Padding)

    ----------------------------------------------------------------------

      Code (inc. data)   RO Data    RW Data    ZI Data      Debug   Library Member Name

       744        106        152          0          0        352   atan.o
       496         64          0          0          0        192   atan2.o
       200         20          0          0          0        164   cos.o
       368         46         48          0          0        200   cos_i.o
       184         44          0          0          0        744   dunder.o
        24          0          0          0          0        124   fabs.o
        48          0          0          0          0        124   fpclassify.o
       248          0          0          0          0        152   poly.o
      3152        296        136          0          0        352   pow.o
         0          0          8          0          0          0   qnan.o
      1080        142        200          0          0        188   rred.o
       200         20          0          0          0        164   sin.o
       304         24         40          0          0        208   sin_i.o
       232          0          0          0          0        296   sqrt.o
        86          0          0          0          0          0   __dczerorl2.o
         0          0          0          0          0          0   entry.o
         0          0          0          0          0          0   entry10a.o
         0          0          0          0          0          0   entry11a.o
         8          4          0          0          0          0   entry2.o
         4          0          0          0          0          0   entry5.o
         0          0          0          0          0          0   entry7b.o
         0          0          0          0          0          0   entry8b.o
         8          4          0          0          0          0   entry9a.o
        12          6          0          4          0         68   errno.o
        30          0          0          0          0          0   handlers.o
        36          8          0          0          0         68   init.o
         0          0          0          0          0          0   iusefp.o
        30          0          0          0          0         68   llshl.o
        36          0          0          0          0         68   llsshr.o
        32          0          0          0          0         68   llushr.o
        26          0          0          0          0         80   memcmp.o
        36          0          0          0          0         68   memcpya.o
        36          0          0          0          0        108   memseta.o
      2258         90          0          0          0        452   printfa.o
         0          0          0          4          0          0   stdout.o
        44          0          0          0          0         80   uidiv.o
        98          0          0          0          0         92   uldiv.o
        48          0          0          0          0         68   cdrcmple.o
        56          0          0          0          0         88   d2f.o
       334          0          0          0          0        148   dadd.o
       222          0          0          0          0        100   ddiv.o
       186          0          0          0          0        176   depilogue.o
        62          0          0          0          0         80   dfixi.o
        48          0          0          0          0         68   dfixul.o
        34          0          0          0          0         76   dflti.o
        26          0          0          0          0         76   dfltui.o
       228          0          0          0          0         96   dmul.o
        46          0          0          0          0         80   dscalb.o
       162          0          0          0          0        100   dsqrt.o
        38          0          0          0          0         68   f2d.o
       110          0          0          0          0        168   fepilogue.o

    ----------------------------------------------------------------------
     11672        874        584          8          0       5872   Library Totals
        12          0          0          0          0          0   (incl. Padding)

    ----------------------------------------------------------------------

      Code (inc. data)   RO Data    RW Data    ZI Data      Debug   Library Name

      7280        762        584          0          0       3260   m_wm.l
      2780        112          0          8          0       1220   mc_w.l
      1600          0          0          0          0       1392   mf_w.l

    ----------------------------------------------------------------------
     11672        874        584          8          0       5872   Library Totals

    ----------------------------------------------------------------------

==============================================================================


      Code (inc. data)   RO Data    RW Data    ZI Data      Debug   

     38064       2496       4148        412      40508    1125370   Grand Totals
     38064       2496       4148        192      40508    1125370   ELF Image Totals (compressed)
     38064       2496       4148        192          0          0   ROM Totals

==============================================================================

    Total RO  Size (Code + RO Data)                42212 (  41.22kB)
    Total RW  Size (RW Data + ZI Data)             40920 (  39.96kB)
    Total ROM Size (Code + RO Data + RW Data)      42404 (  41.41kB)

==============================================================================

